Component: ARM Compiler 5.05 update 1 (build 106) Tool: armlink [4d0efa]

==============================================================================

Section Cross References

    startup_stm32f103xb.o(RESET) refers to startup_stm32f103xb.o(STACK) for __initial_sp
    startup_stm32f103xb.o(RESET) refers to startup_stm32f103xb.o(.text) for Reset_Handler
    startup_stm32f103xb.o(RESET) refers to stm32f1xx_it.o(i.NMI_Handler) for NMI_Handler
    startup_stm32f103xb.o(RESET) refers to stm32f1xx_it.o(i.HardFault_Handler) for HardFault_Handler
    startup_stm32f103xb.o(RESET) refers to stm32f1xx_it.o(i.MemManage_Handler) for MemManage_Handler
    startup_stm32f103xb.o(RESET) refers to stm32f1xx_it.o(i.BusFault_Handler) for BusFault_Handler
    startup_stm32f103xb.o(RESET) refers to stm32f1xx_it.o(i.UsageFault_Handler) for UsageFault_Handler
    startup_stm32f103xb.o(RESET) refers to stm32f1xx_it.o(i.SVC_Handler) for SVC_Handler
    startup_stm32f103xb.o(RESET) refers to stm32f1xx_it.o(i.DebugMon_Handler) for DebugMon_Handler
    startup_stm32f103xb.o(RESET) refers to stm32f1xx_it.o(i.PendSV_Handler) for PendSV_Handler
    startup_stm32f103xb.o(RESET) refers to main.o(i.SysTick_Handler) for SysTick_Handler
    startup_stm32f103xb.o(RESET) refers to stm32f1xx_it.o(i.EXTI3_IRQHandler) for EXTI3_IRQHandler
    startup_stm32f103xb.o(.text) refers to system_stm32f1xx.o(i.SystemInit) for SystemInit
    startup_stm32f103xb.o(.text) refers to entry.o(.ARM.Collect$$$$00000000) for __main
    stm32f1xx_it.o(i.EXTI3_IRQHandler) refers to stm32f1xx_hal_gpio.o(i.HAL_GPIO_EXTI_IRQHandler) for HAL_GPIO_EXTI_IRQHandler
    main.o(i.HAL_GPIO_EXTI_Callback) refers to my_nrf24.o(i.IRQ_Callback) for IRQ_Callback
    main.o(i.MX_GPIO_Init) refers to stm32f1xx_hal_gpio.o(i.HAL_GPIO_WritePin) for HAL_GPIO_WritePin
    main.o(i.MX_GPIO_Init) refers to stm32f1xx_hal_gpio.o(i.HAL_GPIO_Init) for HAL_GPIO_Init
    main.o(i.MX_GPIO_Init) refers to stm32f1xx_hal_cortex.o(i.HAL_NVIC_SetPriority) for HAL_NVIC_SetPriority
    main.o(i.MX_GPIO_Init) refers to stm32f1xx_hal_cortex.o(i.HAL_NVIC_EnableIRQ) for HAL_NVIC_EnableIRQ
    main.o(i.MX_I2C2_Init) refers to stm32f1xx_hal_i2c.o(i.HAL_I2C_Init) for HAL_I2C_Init
    main.o(i.MX_I2C2_Init) refers to main.o(.bss) for .bss
    main.o(i.MX_SPI1_Init) refers to stm32f1xx_hal_spi_ex.o(i.HAL_SPI_Init) for HAL_SPI_Init
    main.o(i.MX_SPI1_Init) refers to main.o(.bss) for .bss
    main.o(i.MX_TIM4_Init) refers to stm32f1xx_hal_tim.o(i.HAL_TIM_Base_Init) for HAL_TIM_Base_Init
    main.o(i.MX_TIM4_Init) refers to stm32f1xx_hal_tim.o(i.HAL_TIM_ConfigClockSource) for HAL_TIM_ConfigClockSource
    main.o(i.MX_TIM4_Init) refers to stm32f1xx_hal_tim.o(i.HAL_TIM_PWM_Init) for HAL_TIM_PWM_Init
    main.o(i.MX_TIM4_Init) refers to stm32f1xx_hal_tim_ex.o(i.HAL_TIMEx_MasterConfigSynchronization) for HAL_TIMEx_MasterConfigSynchronization
    main.o(i.MX_TIM4_Init) refers to stm32f1xx_hal_tim.o(i.HAL_TIM_PWM_ConfigChannel) for HAL_TIM_PWM_ConfigChannel
    main.o(i.MX_TIM4_Init) refers to stm32f1xx_hal_msp.o(i.HAL_TIM_MspPostInit) for HAL_TIM_MspPostInit
    main.o(i.MX_TIM4_Init) refers to main.o(.bss) for .bss
    main.o(i.NRF_Sendstring) refers to stm32f1xx_hal.o(i.HAL_Delay) for HAL_Delay
    main.o(i.NRF_Sendstring) refers to strlen.o(.text) for strlen
    main.o(i.NRF_Sendstring) refers to my_nrf24.o(i.NRF24L01_Send) for NRF24L01_Send
    main.o(i.NRF_Sendstring) refers to main.o(.data) for .data
    main.o(i.SetPmw) refers to main.o(.data) for .data
    main.o(i.SysTick_Handler) refers to fadd.o(.text) for __aeabi_fadd
    main.o(i.SysTick_Handler) refers to f2d.o(.text) for __aeabi_f2d
    main.o(i.SysTick_Handler) refers to dadd.o(.text) for __aeabi_dadd
    main.o(i.SysTick_Handler) refers to d2f.o(.text) for __aeabi_d2f
    main.o(i.SysTick_Handler) refers to stm32f1xx_hal.o(i.HAL_IncTick) for HAL_IncTick
    main.o(i.SysTick_Handler) refers to stm32f1xx_hal_cortex.o(i.HAL_SYSTICK_IRQHandler) for HAL_SYSTICK_IRQHandler
    main.o(i.SysTick_Handler) refers to main.o(.data) for .data
    main.o(i.SystemClock_Config) refers to stm32f1xx_hal_rcc.o(i.HAL_RCC_OscConfig) for HAL_RCC_OscConfig
    main.o(i.SystemClock_Config) refers to stm32f1xx_hal_rcc.o(i.HAL_RCC_ClockConfig) for HAL_RCC_ClockConfig
    main.o(i.SystemClock_Config) refers to stm32f1xx_hal_rcc.o(i.HAL_RCC_GetHCLKFreq) for HAL_RCC_GetHCLKFreq
    main.o(i.SystemClock_Config) refers to stm32f1xx_hal_cortex.o(i.HAL_SYSTICK_Config) for HAL_SYSTICK_Config
    main.o(i.SystemClock_Config) refers to stm32f1xx_hal_cortex.o(i.HAL_SYSTICK_CLKSourceConfig) for HAL_SYSTICK_CLKSourceConfig
    main.o(i.SystemClock_Config) refers to stm32f1xx_hal_cortex.o(i.HAL_NVIC_SetPriority) for HAL_NVIC_SetPriority
    main.o(i.calculate_pid) refers to fadd.o(.text) for __aeabi_fsub
    main.o(i.calculate_pid) refers to fmul.o(.text) for __aeabi_fmul
    main.o(i.calculate_pid) refers to fdiv.o(.text) for __aeabi_fdiv
[...]
    Removing stm32f1xx_hal_uart.o(i.UART_Receive_IT), (150 bytes).
    Removing stm32f1xx_hal_uart.o(i.UART_Transmit_IT), (98 bytes).
    Removing stm32f1xx_hal_uart.o(i.UART_WaitOnFlagUntilTimeout), (100 bytes).
    Removing stm32f1xx_hal_i2c.o(.rev16_text), (4 bytes).
    Removing stm32f1xx_hal_i2c.o(.revsh_text), (4 bytes).
    Removing stm32f1xx_hal_i2c.o(.rrx_text), (6 bytes).
    Removing stm32f1xx_hal_i2c.o(i.HAL_I2C_AbortCpltCallback), (2 bytes).
    Removing stm32f1xx_hal_i2c.o(i.HAL_I2C_AddrCallback), (2 bytes).
    Removing stm32f1xx_hal_i2c.o(i.HAL_I2C_DeInit), (50 bytes).
    Removing stm32f1xx_hal_i2c.o(i.HAL_I2C_DisableListen_IT), (68 bytes).
    Removing stm32f1xx_hal_i2c.o(i.HAL_I2C_ER_IRQHandler), (208 bytes).
    Removing stm32f1xx_hal_i2c.o(i.HAL_I2C_EV_IRQHandler), (496 bytes).
    Removing stm32f1xx_hal_i2c.o(i.HAL_I2C_EnableListen_IT), (58 bytes).
    Removing stm32f1xx_hal_i2c.o(i.HAL_I2C_ErrorCallback), (2 bytes).
    Removing stm32f1xx_hal_i2c.o(i.HAL_I2C_GetError), (4 bytes).
    Removing stm32f1xx_hal_i2c.o(i.HAL_I2C_GetMode), (6 bytes).
    Removing stm32f1xx_hal_i2c.o(i.HAL_I2C_GetState), (6 bytes).
    Removing stm32f1xx_hal_i2c.o(i.HAL_I2C_ListenCpltCallback), (2 bytes).
    Removing stm32f1xx_hal_i2c.o(i.HAL_I2C_MasterRxCpltCallback), (2 bytes).
    Removing stm32f1xx_hal_i2c.o(i.HAL_I2C_MasterTxCpltCallback), (2 bytes).
    Removing stm32f1xx_hal_i2c.o(i.HAL_I2C_Master_Abort_IT), (86 bytes).
    Removing stm32f1xx_hal_i2c.o(i.HAL_I2C_Master_Receive_DMA), (284 bytes).
    Removing stm32f1xx_hal_i2c.o(i.HAL_I2C_Master_Receive_IT), (188 bytes).
    Removing stm32f1xx_hal_i2c.o(i.HAL_I2C_Master_Sequential_Receive_IT), (204 bytes).
    Removing stm32f1xx_hal_i2c.o(i.HAL_I2C_Master_Sequential_Transmit_IT), (192 bytes).
    Removing stm32f1xx_hal_i2c.o(i.HAL_I2C_Master_Transmit_DMA), (284 bytes).
    Removing stm32f1xx_hal_i2c.o(i.HAL_I2C_Master_Transmit_IT), (180 bytes).
    Removing stm32f1xx_hal_i2c.o(i.HAL_I2C_MemRxCpltCallback), (2 bytes).
    Removing stm32f1xx_hal_i2c.o(i.HAL_I2C_MemTxCpltCallback), (2 bytes).
    Removing stm32f1xx_hal_i2c.o(i.HAL_I2C_Mem_Read), (544 bytes).
    Removing stm32f1xx_hal_i2c.o(i.HAL_I2C_Mem_Read_DMA), (364 bytes).
    Removing stm32f1xx_hal_i2c.o(i.HAL_I2C_Mem_Read_IT), (216 bytes).
    Removing stm32f1xx_hal_i2c.o(i.HAL_I2C_Mem_Write), (316 bytes).
    Removing stm32f1xx_hal_i2c.o(i.HAL_I2C_Mem_Write_DMA), (284 bytes).
    Removing stm32f1xx_hal_i2c.o(i.HAL_I2C_Mem_Write_IT), (204 bytes).
    Removing stm32f1xx_hal_i2c.o(i.HAL_I2C_MspDeInit), (2 bytes).
    Removing stm32f1xx_hal_i2c.o(i.HAL_I2C_MspInit), (2 bytes).
    Removing stm32f1xx_hal_i2c.o(i.HAL_I2C_SlaveRxCpltCallback), (2 bytes).
    Removing stm32f1xx_hal_i2c.o(i.HAL_I2C_SlaveTxCpltCallback), (2 bytes).
    Removing stm32f1xx_hal_i2c.o(i.HAL_I2C_Slave_Receive), (384 bytes).
    Removing stm32f1xx_hal_i2c.o(i.HAL_I2C_Slave_Receive_DMA), (236 bytes).
    Removing stm32f1xx_hal_i2c.o(i.HAL_I2C_Slave_Receive_IT), (180 bytes).
    Removing stm32f1xx_hal_i2c.o(i.HAL_I2C_Slave_Sequential_Receive_IT), (114 bytes).
    Removing stm32f1xx_hal_i2c.o(i.HAL_I2C_Slave_Sequential_Transmit_IT), (114 bytes).
    Removing stm32f1xx_hal_i2c.o(i.HAL_I2C_Slave_Transmit), (356 bytes).
    Removing stm32f1xx_hal_i2c.o(i.HAL_I2C_Slave_Transmit_DMA), (236 bytes).
    Removing stm32f1xx_hal_i2c.o(i.HAL_I2C_Slave_Transmit_IT), (184 bytes).
    Removing stm32f1xx_hal_i2c.o(i.I2C_DMAAbort), (78 bytes).
    Removing stm32f1xx_hal_i2c.o(i.I2C_DMAError), (42 bytes).
    Removing stm32f1xx_hal_i2c.o(i.I2C_DMAXferCplt), (134 bytes).
    Removing stm32f1xx_hal_i2c.o(i.I2C_ITError), (292 bytes).
    Removing stm32f1xx_hal_i2c.o(i.I2C_MasterReceive_BTF), (200 bytes).
    Removing stm32f1xx_hal_i2c.o(i.I2C_MasterReceive_RXNE), (174 bytes).
    Removing stm32f1xx_hal_i2c.o(i.I2C_MasterTransmit_BTF), (128 bytes).
    Removing stm32f1xx_hal_i2c.o(i.I2C_MasterTransmit_TXE), (264 bytes).
    Removing stm32f1xx_hal_i2c.o(i.I2C_Master_ADDR), (282 bytes).
    Removing stm32f1xx_hal_i2c.o(i.I2C_Master_SB), (90 bytes).
    Removing stm32f1xx_hal_i2c.o(i.I2C_RequestMemoryRead), (240 bytes).
    Removing stm32f1xx_hal_i2c.o(i.I2C_RequestMemoryWrite), (160 bytes).
    Removing stm32f1xx_hal_i2c.o(i.I2C_Slave_AF), (132 bytes).
    Removing stm32f1xx_hal_i2c.o(i.I2C_Slave_STOPF), (220 bytes).

468 unused section(s) (total 31790 bytes) removed from the image.

==============================================================================

Image Symbol Table

    Local Symbols

    Symbol Name                              Value     Ov Type        Size  Object(Section)

    ..//Src/system_stm32f1xx.c               0x00000000   Number         0  system_stm32f1xx.o ABSOLUTE
    ../Drivers/STM32F1xx_HAL_Driver/Src/stm32f1xx_hal.c 0x00000000   Number         0  stm32f1xx_hal.o ABSOLUTE
    ../Drivers/STM32F1xx_HAL_Driver/Src/stm32f1xx_hal_cortex.c 0x00000000   Number         0  stm32f1xx_hal_cortex.o ABSOLUTE
    ../Drivers/STM32F1xx_HAL_Driver/Src/stm32f1xx_hal_dma.c 0x00000000   Number         0  stm32f1xx_hal_dma.o ABSOLUTE
    ../Drivers/STM32F1xx_HAL_Driver/Src/stm32f1xx_hal_flash.c 0x00000000   Number         0  stm32f1xx_hal_flash.o ABSOLUTE
    ../Drivers/STM32F1xx_HAL_Driver/Src/stm32f1xx_hal_flash_ex.c 0x00000000   Number         0  stm32f1xx_hal_flash_ex.o ABSOLUTE
    ../Drivers/STM32F1xx_HAL_Driver/Src/stm32f1xx_hal_gpio.c 0x00000000   Number         0  stm32f1xx_hal_gpio.o ABSOLUTE
    ../Drivers/STM32F1xx_HAL_Driver/Src/stm32f1xx_hal_gpio_ex.c 0x00000000   Number         0  stm32f1xx_hal_gpio_ex.o ABSOLUTE
    ../Drivers/STM32F1xx_HAL_Driver/Src/stm32f1xx_hal_i2c.c 0x00000000   Number         0  stm32f1xx_hal_i2c.o ABSOLUTE
    ../Drivers/STM32F1xx_HAL_Driver/Src/stm32f1xx_hal_pwr.c 0x00000000   Number         0  stm32f1xx_hal_pwr.o ABSOLUTE
    ../Drivers/STM32F1xx_HAL_Driver/Src/stm32f1xx_hal_rcc.c 0x00000000   Number         0  stm32f1xx_hal_rcc.o ABSOLUTE
    ../Drivers/STM32F1xx_HAL_Driver/Src/stm32f1xx_hal_rcc_ex.c 0x00000000   Number         0  stm32f1xx_hal_rcc_ex.o ABSOLUTE
    ../Drivers/STM32F1xx_HAL_Driver/Src/stm32f1xx_hal_spi.c 0x00000000   Number         0  stm32f1xx_hal_spi.o ABSOLUTE
    ../Drivers/STM32F1xx_HAL_Driver/Src/stm32f1xx_hal_spi_ex.c 0x00000000   Number         0  stm32f1xx_hal_spi_ex.o ABSOLUTE
    ../Drivers/STM32F1xx_HAL_Driver/Src/stm32f1xx_hal_tim.c 0x00000000   Number         0  stm32f1xx_hal_tim.o ABSOLUTE
    ../Drivers/STM32F1xx_HAL_Driver/Src/stm32f1xx_hal_tim_ex.c 0x00000000   Number         0  stm32f1xx_hal_tim_ex.o ABSOLUTE
    ../Drivers/STM32F1xx_HAL_Driver/Src/stm32f1xx_hal_uart.c 0x00000000   Number         0  stm32f1xx_hal_uart.o ABSOLUTE
    ../Src/main.c                            0x00000000   Number         0  main.o ABSOLUTE
    ../Src/stm32f1xx_hal_msp.c               0x00000000   Number         0  stm32f1xx_hal_msp.o ABSOLUTE
    ../Src/stm32f1xx_it.c                    0x00000000   Number         0  stm32f1xx_it.o ABSOLUTE
    ../clib/../cmprslib/zerorunl2.c          0x00000000   Number         0  __dczerorl2.o ABSOLUTE
    ../clib/microlib/ctype/ctype.c           0x00000000   Number         0  ctype_c.o ABSOLUTE
    ../clib/microlib/ctype/ctype.c           0x00000000   Number         0  isspace_c.o ABSOLUTE
    ../clib/microlib/division.c              0x00000000   Number         0  uldiv.o ABSOLUTE
    ../clib/microlib/division.c              0x00000000   Number         0  uidiv.o ABSOLUTE
    ../clib/microlib/init/entry.s            0x00000000   Number         0  entry10b.o ABSOLUTE
    ../clib/microlib/init/entry.s            0x00000000   Number         0  entry7b.o ABSOLUTE
    ../clib/microlib/init/entry.s            0x00000000   Number         0  entry9b.o ABSOLUTE
    ../clib/microlib/init/entry.s            0x00000000   Number         0  entry2.o ABSOLUTE
    ../clib/microlib/init/entry.s            0x00000000   Number         0  entry.o ABSOLUTE
    ../clib/microlib/init/entry.s            0x00000000   Number         0  entry9a.o ABSOLUTE
    ../clib/microlib/init/entry.s            0x00000000   Number         0  entry8a.o ABSOLUTE
    ../clib/microlib/init/entry.s            0x00000000   Number         0  entry11b.o ABSOLUTE
    ../clib/microlib/init/entry.s            0x00000000   Number         0  entry8b.o ABSOLUTE
    ../clib/microlib/init/entry.s            0x00000000   Number         0  entry7a.o ABSOLUTE
    ../clib/microlib/init/entry.s            0x00000000   Number         0  entry11a.o ABSOLUTE
    ../clib/microlib/init/entry.s            0x00000000   Number         0  entry5.o ABSOLUTE
    ../clib/microlib/init/entry.s            0x00000000   Number         0  entry10a.o ABSOLUTE
    ../clib/microlib/longlong.c              0x00000000   Number         0  llsshr.o ABSOLUTE
    ../clib/microlib/longlong.c              0x00000000   Number         0  llshl.o ABSOLUTE
    ../clib/microlib/longlong.c              0x00000000   Number         0  llushr.o ABSOLUTE
    ../clib/microlib/printf/printf.c         0x00000000   Number         0  printfa.o ABSOLUTE
    ../clib/microlib/printf/printf.c         0x00000000   Number         0  printf6.o ABSOLUTE
    ../clib/microlib/printf/printf.c         0x00000000   Number         0  printf1.o ABSOLUTE
    ../clib/microlib/printf/printf.c         0x00000000   Number         0  printf5.o ABSOLUTE
    ../clib/microlib/printf/printf.c         0x00000000   Number         0  printfb.o ABSOLUTE
    ../clib/microlib/printf/printf.c         0x00000000   Number         0  printf0.o ABSOLUTE
    ../clib/microlib/printf/printf.c         0x00000000   Number         0  printf4.o ABSOLUTE
    ../clib/microlib/printf/printf.c         0x00000000   Number         0  printf8.o ABSOLUTE
    ../clib/microlib/printf/printf.c         0x00000000   Number         0  printf3.o ABSOLUTE
    ../clib/microlib/printf/printf.c         0x00000000   Number         0  printf7.o ABSOLUTE
    ../clib/microlib/printf/printf.c         0x00000000   Number         0  printf2.o ABSOLUTE
    ../clib/microlib/printf/stubs.s          0x00000000   Number         0  stubs.o ABSOLUTE
    ../clib/microlib/stdio/fputc.c           0x00000000   Number         0  fputc.o ABSOLUTE
    ../clib/microlib/stdio/semi.s            0x00000000   Number         0  semi.o ABSOLUTE
    ../clib/microlib/stdio/streams.c         0x00000000   Number         0  stdout.o ABSOLUTE
    ../clib/microlib/string/strlen.c         0x00000000   Number         0  strlen.o ABSOLUTE
    ../clib/microlib/stubs.s                 0x00000000   Number         0  iusefp.o ABSOLUTE
    ../clib/microlib/stubs.s                 0x00000000   Number         0  iusesemip.o ABSOLUTE
    ../clib/scanf.c                          0x00000000   Number         0  strtod.o ABSOLUTE
    ../clib/scanf.c                          0x00000000   Number         0  scanf_fp.o ABSOLUTE
    ../clib/scanf.c                          0x00000000   Number         0  _sgetc.o ABSOLUTE
    ../fplib/microlib/d2f.c                  0x00000000   Number         0  d2f.o ABSOLUTE
    ../fplib/microlib/f2d.c                  0x00000000   Number         0  f2d.o ABSOLUTE
    ../fplib/microlib/fpadd.c                0x00000000   Number         0  fadd.o ABSOLUTE
    ../fplib/microlib/fpadd.c                0x00000000   Number         0  dadd.o ABSOLUTE
    ../fplib/microlib/fpdiv.c                0x00000000   Number         0  ddiv.o ABSOLUTE
    ../fplib/microlib/fpdiv.c                0x00000000   Number         0  fdiv.o ABSOLUTE
    ../fplib/microlib/fpepilogue.c           0x00000000   Number         0  depilogue.o ABSOLUTE
    ../fplib/microlib/fpepilogue.c           0x00000000   Number         0  fepilogue.o ABSOLUTE
    ../fplib/microlib/fpfix.c                0x00000000   Number         0  ffixi.o ABSOLUTE
    ../fplib/microlib/fpfix.c                0x00000000   Number         0  dfixul.o ABSOLUTE
    ../fplib/microlib/fpfix.c                0x00000000   Number         0  dfixi.o ABSOLUTE
    ../fplib/microlib/fpflt.c                0x00000000   Number         0  ffltui.o ABSOLUTE
    ../fplib/microlib/fpflt.c                0x00000000   Number         0  fflti.o ABSOLUTE
    ../fplib/microlib/fpflt.c                0x00000000   Number         0  dflti.o ABSOLUTE
    ../fplib/microlib/fpflt.c                0x00000000   Number         0  dfltul.o ABSOLUTE
    ../fplib/microlib/fpmul.c                0x00000000   Number         0  dmul.o ABSOLUTE
    ../fplib/microlib/fpmul.c                0x00000000   Number         0  fmul.o ABSOLUTE
    ../mathlib/strtod.c                      0x00000000   Number         0  strtod.o ABSOLUTE
    ..\Drivers\STM32F1xx_HAL_Driver\Src\stm32f1xx_hal.c 0x00000000   Number         0  stm32f1xx_hal.o ABSOLUTE
    ..\Drivers\STM32F1xx_HAL_Driver\Src\stm32f1xx_hal_cortex.c 0x00000000   Number         0  stm32f1xx_hal_cortex.o ABSOLUTE
    ..\Drivers\STM32F1xx_HAL_Driver\Src\stm32f1xx_hal_dma.c 0x00000000   Number         0  stm32f1xx_hal_dma.o ABSOLUTE
    ..\Drivers\STM32F1xx_HAL_Driver\Src\stm32f1xx_hal_flash.c 0x00000000   Number         0  stm32f1xx_hal_flash.o ABSOLUTE
    ..\Drivers\STM32F1xx_HAL_Driver\Src\stm32f1xx_hal_flash_ex.c 0x00000000   Number         0  stm32f1xx_hal_flash_ex.o ABSOLUTE
    ..\Drivers\STM32F1xx_HAL_Driver\Src\stm32f1xx_hal_gpio.c 0x00000000   Number         0  stm32f1xx_hal_gpio.o ABSOLUTE
    ..\Drivers\STM32F1xx_HAL_Driver\Src\stm32f1xx_hal_gpio_ex.c 0x00000000   Number         0  stm32f1xx_hal_gpio_ex.o ABSOLUTE
    ..\Drivers\STM32F1xx_HAL_Driver\Src\stm32f1xx_hal_i2c.c 0x00000000   Number         0  stm32f1xx_hal_i2c.o ABSOLUTE
    ..\Drivers\STM32F1xx_HAL_Driver\Src\stm32f1xx_hal_pwr.c 0x00000000   Number         0  stm32f1xx_hal_pwr.o ABSOLUTE
    ..\Drivers\STM32F1xx_HAL_Driver\Src\stm32f1xx_hal_rcc.c 0x00000000   Number         0  stm32f1xx_hal_rcc.o ABSOLUTE
    ..\Drivers\STM32F1xx_HAL_Driver\Src\stm32f1xx_hal_rcc_ex.c 0x00000000   Number         0  stm32f1xx_hal_rcc_ex.o ABSOLUTE
    ..\Drivers\STM32F1xx_HAL_Driver\Src\stm32f1xx_hal_spi.c 0x00000000   Number         0  stm32f1xx_hal_spi.o ABSOLUTE
    ..\Drivers\STM32F1xx_HAL_Driver\Src\stm32f1xx_hal_spi_ex.c 0x00000000   Number         0  stm32f1xx_hal_spi_ex.o ABSOLUTE
    ..\Drivers\STM32F1xx_HAL_Driver\Src\stm32f1xx_hal_tim.c 0x00000000   Number         0  stm32f1xx_hal_tim.o ABSOLUTE
    ..\Drivers\STM32F1xx_HAL_Driver\Src\stm32f1xx_hal_tim_ex.c 0x00000000   Number         0  stm32f1xx_hal_tim_ex.o ABSOLUTE
    ..\Drivers\STM32F1xx_HAL_Driver\Src\stm32f1xx_hal_uart.c 0x00000000   Number         0  stm32f1xx_hal_uart.o ABSOLUTE
    ..\Inc\MY_NRF24.c                        0x00000000   Number         0  my_nrf24.o ABSOLUTE
    ..\Inc\sd_hal_mpu6050.c                  0x00000000   Number         0  sd_hal_mpu6050.o ABSOLUTE
    ..\Src\main.c                            0x00000000   Number         0  main.o ABSOLUTE
    ..\Src\stm32f1xx_hal_msp.c               0x00000000   Number         0  stm32f1xx_hal_msp.o ABSOLUTE
    ..\Src\stm32f1xx_it.c                    0x00000000   Number         0  stm32f1xx_it.o ABSOLUTE
    ..\\Inc\\MY_NRF24.c                      0x00000000   Number         0  my_nrf24.o ABSOLUTE
    ..\\Inc\\sd_hal_mpu6050.c                0x00000000   Number         0  sd_hal_mpu6050.o ABSOLUTE
    ..\\Src\system_stm32f1xx.c               0x00000000   Number         0  system_stm32f1xx.o ABSOLUTE
    cdrcmple.s                               0x00000000   Number         0  cdrcmple.o ABSOLUTE
    dc.s                                     0x00000000   Number         0  dc.o ABSOLUTE
    handlers.s                               0x00000000   Number         0  handlers.o ABSOLUTE
    init.s                                   0x00000000   Number         0  init.o ABSOLUTE
    startup_stm32f103xb.s                    0x00000000   Number         0  startup_stm32f103xb.o ABSOLUTE
    RESET                                    0x08000000   Section      236  startup_stm32f103xb.o(RESET)
    .ARM.Collect$$$$00000000                 0x080000ec   Section        0  entry.o(.ARM.Collect$$$$00000000)
    .ARM.Collect$$$$00000001                 0x080000ec   Section        4  entry2.o(.ARM.Collect$$$$00000001)
    .ARM.Collect$$$$00000004                 0x080000f0   Section        4  entry5.o(.ARM.Collect$$$$00000004)
    .ARM.Collect$$$$00000008                 0x080000f4   Section        0  entry7b.o(.ARM.Collect$$$$00000008)
    .ARM.Collect$$$$0000000A                 0x080000f4   Section        0  entry8b.o(.ARM.Collect$$$$0000000A)
    .ARM.Collect$$$$0000000B                 0x080000f4   Section        8  entry9a.o(.ARM.Collect$$$$0000000B)
    .ARM.Collect$$$$0000000D                 0x080000fc   Section        0  entry10a.o(.ARM.Collect$$$$0000000D)
    .ARM.Collect$$$$0000000F                 0x080000fc   Section        0  entry11a.o(.ARM.Collect$$$$0000000F)
    .ARM.Collect$$$$00002712                 0x080000fc   Section        4  entry2.o(.ARM.Collect$$$$00002712)
    __lit__00000000                          0x080000fc   Data           4  entry2.o(.ARM.Collect$$$$00002712)
    .text                                    0x08000100   Section       36  startup_stm32f103xb.o(.text)
    .text                                    0x08000124   Section        0  llushr.o(.text)
    .text                                    0x08000144   Section        0  strlen.o(.text)
    .text                                    0x08000152   Section        0  fadd.o(.text)
    .text                                    0x08000202   Section        0  fmul.o(.text)
    .text                                    0x08000266   Section        0  fdiv.o(.text)
    .text                                    0x080002e2   Section        0  dadd.o(.text)
    .text                                    0x08000430   Section        0  dmul.o(.text)
    .text                                    0x08000514   Section        0  ddiv.o(.text)
    .text                                    0x080005f2   Section        0  fflti.o(.text)
    .text                                    0x08000604   Section        0  ffltui.o(.text)
    .text                                    0x0800060e   Section        0  dflti.o(.text)
    .text                                    0x08000630   Section        0  ffixi.o(.text)
    .text                                    0x08000662   Section        0  dfixi.o(.text)
    .text                                    0x080006a0   Section        0  f2d.o(.text)
    .text                                    0x080006c6   Section        0  d2f.o(.text)
    .text                                    0x080006fe   Section        0  uidiv.o(.text)
    .text                                    0x0800072a   Section        0  uldiv.o(.text)
    .text                                    0x0800078c   Section        0  llshl.o(.text)
    .text                                    0x080007aa   Section        0  llsshr.o(.text)
    .text                                    0x080007d0   Section        0  strtod.o(.text)
    _local_sscanf                            0x080007d1   Thumb Code    54  strtod.o(.text)
    .text                                    0x0800086c   Section        0  iusefp.o(.text)
    .text                                    0x0800086c   Section        0  fepilogue.o(.text)
    .text                                    0x080008da   Section        0  depilogue.o(.text)
    .text                                    0x08000994   Section        0  dfixul.o(.text)
    .text                                    0x080009c4   Section       48  cdrcmple.o(.text)
    .text                                    0x080009f4   Section       36  init.o(.text)
    .text                                    0x08000a18   Section        0  isspace_c.o(.text)
    .text                                    0x08000a24   Section        0  scanf_fp.o(.text)
    _fp_value                                0x08000a25   Thumb Code   256  scanf_fp.o(.text)
    .text                                    0x08000d5c   Section        0  _sgetc.o(.text)
    .text                                    0x08000d9c   Section        0  ctype_c.o(.text)
    .text                                    0x08000dc4   Section        0  dfltul.o(.text)
    .text                                    0x08000ddc   Section        0  __dczerorl2.o(.text)
    i.BusFault_Handler                       0x08000e32   Section        0  stm32f1xx_it.o(i.BusFault_Handler)
    i.DebugMon_Handler                       0x08000e34   Section        0  stm32f1xx_it.o(i.DebugMon_Handler)
    i.DelayMicro                             0x08000e38   Section        0  my_nrf24.o(i.DelayMicro)
    DelayMicro                               0x08000e39   Thumb Code    30  my_nrf24.o(i.DelayMicro)
    i.EXTI3_IRQHandler                       0x08000e60   Section        0  stm32f1xx_it.o(i.EXTI3_IRQHandler)
    i.HAL_Delay                              0x08000e68   Section        0  stm32f1xx_hal.o(i.HAL_Delay)
    i.HAL_GPIO_EXTI_Callback                 0x08000e8c   Section        0  main.o(i.HAL_GPIO_EXTI_Callback)
    i.HAL_GPIO_EXTI_IRQHandler               0x08000e98   Section        0  stm32f1xx_hal_gpio.o(i.HAL_GPIO_EXTI_IRQHandler)
    i.HAL_GPIO_Init                          0x08000eb0   Section        0  stm32f1xx_hal_gpio.o(i.HAL_GPIO_Init)
    i.HAL_GPIO_TogglePin                     0x0800106c   Section        0  stm32f1xx_hal_gpio.o(i.HAL_GPIO_TogglePin)
    i.HAL_GPIO_WritePin                      0x08001074   Section        0  stm32f1xx_hal_gpio.o(i.HAL_GPIO_WritePin)
    i.HAL_GetTick                            0x08001080   Section        0  stm32f1xx_hal.o(i.HAL_GetTick)
    i.HAL_I2C_Init                           0x0800108c   Section        0  stm32f1xx_hal_i2c.o(i.HAL_I2C_Init)
    i.HAL_I2C_IsDeviceReady                  0x080011cc   Section        0  stm32f1xx_hal_i2c.o(i.HAL_I2C_IsDeviceReady)
    i.HAL_I2C_Master_Receive                 0x0800132c   Section        0  stm32f1xx_hal_i2c.o(i.HAL_I2C_Master_Receive)
    i.HAL_I2C_Master_Transmit                0x0800153c   Section        0  stm32f1xx_hal_i2c.o(i.HAL_I2C_Master_Transmit)
    i.HAL_I2C_MspInit                        0x08001674   Section        0  stm32f1xx_hal_msp.o(i.HAL_I2C_MspInit)
    i.HAL_IncTick                            0x080016b8   Section        0  stm32f1xx_hal.o(i.HAL_IncTick)
    i.HAL_Init                               0x080016c8   Section        0  stm32f1xx_hal.o(i.HAL_Init)
    i.HAL_InitTick                           0x080016ec   Section        0  stm32f1xx_hal.o(i.HAL_InitTick)
    i.HAL_MspInit                            0x0800172c   Section        0  stm32f1xx_hal_msp.o(i.HAL_MspInit)
    i.HAL_NVIC_EnableIRQ                     0x080017ac   Section        0  stm32f1xx_hal_cortex.o(i.HAL_NVIC_EnableIRQ)
    i.HAL_NVIC_SetPriority                   0x080017c4   Section        0  stm32f1xx_hal_cortex.o(i.HAL_NVIC_SetPriority)
    i.HAL_NVIC_SetPriorityGrouping           0x08001804   Section        0  stm32f1xx_hal_cortex.o(i.HAL_NVIC_SetPriorityGrouping)
    i.HAL_RCC_ClockConfig                    0x08001828   Section        0  stm32f1xx_hal_rcc.o(i.HAL_RCC_ClockConfig)
    i.HAL_RCC_GetHCLKFreq                    0x0800197c   Section        0  stm32f1xx_hal_rcc.o(i.HAL_RCC_GetHCLKFreq)
    i.HAL_RCC_GetPCLK1Freq                   0x08001988   Section        0  stm32f1xx_hal_rcc.o(i.HAL_RCC_GetPCLK1Freq)
    i.HAL_RCC_GetPCLK2Freq                   0x080019a8   Section        0  stm32f1xx_hal_rcc.o(i.HAL_RCC_GetPCLK2Freq)
    i.HAL_RCC_GetSysClockFreq                0x080019c8   Section        0  stm32f1xx_hal_rcc.o(i.HAL_RCC_GetSysClockFreq)
    i.HAL_RCC_OscConfig                      0x08001a34   Section        0  stm32f1xx_hal_rcc.o(i.HAL_RCC_OscConfig)
    i.HAL_SPI_Init                           0x08001d38   Section        0  stm32f1xx_hal_spi_ex.o(i.HAL_SPI_Init)
    i.HAL_SPI_MspInit                        0x08001dbc   Section        0  stm32f1xx_hal_msp.o(i.HAL_SPI_MspInit)
    i.HAL_SPI_Receive                        0x08001e14   Section        0  stm32f1xx_hal_spi.o(i.HAL_SPI_Receive)
    i.HAL_SPI_Transmit                       0x08001f64   Section        0  stm32f1xx_hal_spi.o(i.HAL_SPI_Transmit)
    i.HAL_SPI_TransmitReceive                0x080020cc   Section        0  stm32f1xx_hal_spi.o(i.HAL_SPI_TransmitReceive)
    i.HAL_SYSTICK_CLKSourceConfig            0x080022a4   Section        0  stm32f1xx_hal_cortex.o(i.HAL_SYSTICK_CLKSourceConfig)
    i.HAL_SYSTICK_Callback                   0x080022bc   Section        0  stm32f1xx_hal_cortex.o(i.HAL_SYSTICK_Callback)
    i.HAL_SYSTICK_Config                     0x080022be   Section        0  stm32f1xx_hal_cortex.o(i.HAL_SYSTICK_Config)
    i.HAL_SYSTICK_IRQHandler                 0x080022e6   Section        0  stm32f1xx_hal_cortex.o(i.HAL_SYSTICK_IRQHandler)
    i.HAL_TIMEx_MasterConfigSynchronization  0x080022ee   Section        0  stm32f1xx_hal_tim_ex.o(i.HAL_TIMEx_MasterConfigSynchronization)
    i.HAL_TIM_Base_Init                      0x0800233e   Section        0  stm32f1xx_hal_tim.o(i.HAL_TIM_Base_Init)
    i.HAL_TIM_Base_MspInit                   0x08002374   Section        0  stm32f1xx_hal_msp.o(i.HAL_TIM_Base_MspInit)
    i.HAL_TIM_ConfigClockSource              0x0800239c   Section        0  stm32f1xx_hal_tim.o(i.HAL_TIM_ConfigClockSource)
    i.HAL_TIM_MspPostInit                    0x08002490   Section        0  stm32f1xx_hal_msp.o(i.HAL_TIM_MspPostInit)
    i.HAL_TIM_PWM_ConfigChannel              0x080024b8   Section        0  stm32f1xx_hal_tim.o(i.HAL_TIM_PWM_ConfigChannel)
    i.HAL_TIM_PWM_Init                       0x08002588   Section        0  stm32f1xx_hal_tim.o(i.HAL_TIM_PWM_Init)
    i.HAL_TIM_PWM_MspInit                    0x080025be   Section        0  stm32f1xx_hal_tim.o(i.HAL_TIM_PWM_MspInit)
    i.HAL_TIM_PWM_Start                      0x080025c0   Section        0  stm32f1xx_hal_tim.o(i.HAL_TIM_PWM_Start)
    i.HAL_UART_Init                          0x080025f0   Section        0  stm32f1xx_hal_uart.o(i.HAL_UART_Init)
    i.HAL_UART_MspInit                       0x08002654   Section        0  stm32f1xx_hal_msp.o(i.HAL_UART_MspInit)
    i.HardFault_Handler                      0x080026ac   Section        0  stm32f1xx_it.o(i.HardFault_Handler)
    i.I2C_IsAcknowledgeFailed                0x080026ae   Section        0  stm32f1xx_hal_i2c.o(i.I2C_IsAcknowledgeFailed)
    I2C_IsAcknowledgeFailed                  0x080026af   Thumb Code    40  stm32f1xx_hal_i2c.o(i.I2C_IsAcknowledgeFailed)
    i.I2C_MasterRequestRead                  0x080026d6   Section        0  stm32f1xx_hal_i2c.o(i.I2C_MasterRequestRead)
    I2C_MasterRequestRead                    0x080026d7   Thumb Code   222  stm32f1xx_hal_i2c.o(i.I2C_MasterRequestRead)
    i.I2C_MasterRequestWrite                 0x080027b4   Section        0  stm32f1xx_hal_i2c.o(i.I2C_MasterRequestWrite)
    I2C_MasterRequestWrite                   0x080027b5   Thumb Code   142  stm32f1xx_hal_i2c.o(i.I2C_MasterRequestWrite)
    i.I2C_WaitOnBTFFlagUntilTimeout          0x08002848   Section        0  stm32f1xx_hal_i2c.o(i.I2C_WaitOnBTFFlagUntilTimeout)
    I2C_WaitOnBTFFlagUntilTimeout            0x08002849   Thumb Code    78  stm32f1xx_hal_i2c.o(i.I2C_WaitOnBTFFlagUntilTimeout)
    i.I2C_WaitOnFlagUntilTimeout             0x08002896   Section        0  stm32f1xx_hal_i2c.o(i.I2C_WaitOnFlagUntilTimeout)
    I2C_WaitOnFlagUntilTimeout               0x08002897   Thumb Code    96  stm32f1xx_hal_i2c.o(i.I2C_WaitOnFlagUntilTimeout)
    i.I2C_WaitOnMasterAddressFlagUntilTimeout 0x080028f8   Section        0  stm32f1xx_hal_i2c.o(i.I2C_WaitOnMasterAddressFlagUntilTimeout)
    I2C_WaitOnMasterAddressFlagUntilTimeout  0x080028f9   Thumb Code   136  stm32f1xx_hal_i2c.o(i.I2C_WaitOnMasterAddressFlagUntilTimeout)
    i.I2C_WaitOnRXNEFlagUntilTimeout         0x08002980   Section        0  stm32f1xx_hal_i2c.o(i.I2C_WaitOnRXNEFlagUntilTimeout)
    I2C_WaitOnRXNEFlagUntilTimeout           0x08002981   Thumb Code    98  stm32f1xx_hal_i2c.o(i.I2C_WaitOnRXNEFlagUntilTimeout)
    i.I2C_WaitOnTXEFlagUntilTimeout          0x080029e2   Section        0  stm32f1xx_hal_i2c.o(i.I2C_WaitOnTXEFlagUntilTimeout)
    I2C_WaitOnTXEFlagUntilTimeout            0x080029e3   Thumb Code    78  stm32f1xx_hal_i2c.o(i.I2C_WaitOnTXEFlagUntilTimeout)
    i.IRQ_Callback                           0x08002a30   Section        0  my_nrf24.o(i.IRQ_Callback)
    i.MX_GPIO_Init                           0x08002ab8   Section        0  main.o(i.MX_GPIO_Init)
    MX_GPIO_Init                             0x08002ab9   Thumb Code   172  main.o(i.MX_GPIO_Init)
    i.MX_I2C2_Init                           0x08002b74   Section        0  main.o(i.MX_I2C2_Init)
    MX_I2C2_Init                             0x08002b75   Thumb Code    44  main.o(i.MX_I2C2_Init)
    i.MX_SPI1_Init                           0x08002bac   Section        0  main.o(i.MX_SPI1_Init)
    MX_SPI1_Init                             0x08002bad   Thumb Code    56  main.o(i.MX_SPI1_Init)
    i.MX_TIM4_Init                           0x08002bec   Section        0  main.o(i.MX_TIM4_Init)
    MX_TIM4_Init                             0x08002bed   Thumb Code   156  main.o(i.MX_TIM4_Init)
    i.MemManage_Handler                      0x08002c90   Section        0  stm32f1xx_it.o(i.MemManage_Handler)
    i.NMI_Handler                            0x08002c92   Section        0  stm32f1xx_it.o(i.NMI_Handler)
    i.NRF24L01_RX_Mode                       0x08002c94   Section        0  my_nrf24.o(i.NRF24L01_RX_Mode)
    i.NRF24L01_Send                          0x08002ce0   Section        0  my_nrf24.o(i.NRF24L01_Send)
    i.NRF24L01_TX_Mode                       0x08002d30   Section        0  my_nrf24.o(i.NRF24L01_TX_Mode)
    i.NRF24_FlushRX                          0x08002d64   Section        0  my_nrf24.o(i.NRF24_FlushRX)
    i.NRF24_FlushTX                          0x08002da4   Section        0  my_nrf24.o(i.NRF24_FlushTX)
    i.NRF24_ReadReg                          0x08002de4   Section        0  my_nrf24.o(i.NRF24_ReadReg)
    i.NRF24_Read_Buf                         0x08002e44   Section        0  my_nrf24.o(i.NRF24_Read_Buf)
    i.NRF24_ToggleFeatures                   0x08002e88   Section        0  my_nrf24.o(i.NRF24_ToggleFeatures)
    i.NRF24_Transmit                         0x08002edc   Section        0  my_nrf24.o(i.NRF24_Transmit)
    i.NRF24_WriteReg                         0x08002f38   Section        0  my_nrf24.o(i.NRF24_WriteReg)
    i.NRF24_Write_Buf                        0x08002f84   Section        0  my_nrf24.o(i.NRF24_Write_Buf)
    i.NRF24_ini                              0x08002fd8   Section        0  my_nrf24.o(i.NRF24_ini)
    i.NRF_Sendstring                         0x08003074   Section        0  main.o(i.NRF_Sendstring)
    i.NVIC_SetPriority                       0x080030d0   Section        0  stm32f1xx_hal_cortex.o(i.NVIC_SetPriority)
    NVIC_SetPriority                         0x080030d1   Thumb Code    32  stm32f1xx_hal_cortex.o(i.NVIC_SetPriority)
    i.PendSV_Handler                         0x080030f0   Section        0  stm32f1xx_it.o(i.PendSV_Handler)
    i.SD_MPU6050_Init                        0x080030f2   Section        0  sd_hal_mpu6050.o(i.SD_MPU6050_Init)
    i.SD_MPU6050_ReadAll                     0x08003194   Section        0  sd_hal_mpu6050.o(i.SD_MPU6050_ReadAll)
    i.SD_MPU6050_SetAccelerometer            0x08003224   Section        0  sd_hal_mpu6050.o(i.SD_MPU6050_SetAccelerometer)
    i.SD_MPU6050_SetDataRate                 0x080032b0   Section        0  sd_hal_mpu6050.o(i.SD_MPU6050_SetDataRate)
    i.SD_MPU6050_SetGyroscope                0x080032d8   Section        0  sd_hal_mpu6050.o(i.SD_MPU6050_SetGyroscope)
    i.SPI_CheckFlag_BSY                      0x0800336c   Section        0  stm32f1xx_hal_spi.o(i.SPI_CheckFlag_BSY)
    SPI_CheckFlag_BSY                        0x0800336d   Thumb Code    32  stm32f1xx_hal_spi.o(i.SPI_CheckFlag_BSY)
    i.SPI_WaitFlagStateUntilTimeout          0x0800338c   Section        0  stm32f1xx_hal_spi.o(i.SPI_WaitFlagStateUntilTimeout)
    SPI_WaitFlagStateUntilTimeout            0x0800338d   Thumb Code   150  stm32f1xx_hal_spi.o(i.SPI_WaitFlagStateUntilTimeout)
    i.SVC_Handler                            0x08003422   Section        0  stm32f1xx_it.o(i.SVC_Handler)
    i.SetPmw                                 0x08003424   Section        0  main.o(i.SetPmw)
    i.SysTick_Handler                        0x0800347c   Section        0  main.o(i.SysTick_Handler)
    i.SystemClock_Config                     0x0800356c   Section        0  main.o(i.SystemClock_Config)
    i.SystemInit                             0x080035d4   Section        0  system_stm32f1xx.o(i.SystemInit)
    i.TIM_Base_SetConfig                     0x0800361c   Section        0  stm32f1xx_hal_tim.o(i.TIM_Base_SetConfig)
    i.TIM_CCxChannelCmd                      0x08003688   Section        0  stm32f1xx_hal_tim.o(i.TIM_CCxChannelCmd)
    i.TIM_ETR_SetConfig                      0x0800369e   Section        0  stm32f1xx_hal_tim.o(i.TIM_ETR_SetConfig)
    TIM_ETR_SetConfig                        0x0800369f   Thumb Code    20  stm32f1xx_hal_tim.o(i.TIM_ETR_SetConfig)
    i.TIM_ITRx_SetConfig                     0x080036b2   Section        0  stm32f1xx_hal_tim.o(i.TIM_ITRx_SetConfig)
    TIM_ITRx_SetConfig                       0x080036b3   Thumb Code    16  stm32f1xx_hal_tim.o(i.TIM_ITRx_SetConfig)
    i.TIM_OC1_SetConfig                      0x080036c4   Section        0  stm32f1xx_hal_tim.o(i.TIM_OC1_SetConfig)
    TIM_OC1_SetConfig                        0x080036c5   Thumb Code    74  stm32f1xx_hal_tim.o(i.TIM_OC1_SetConfig)
    i.TIM_OC2_SetConfig                      0x08003714   Section        0  stm32f1xx_hal_tim.o(i.TIM_OC2_SetConfig)
    i.TIM_OC3_SetConfig                      0x0800376c   Section        0  stm32f1xx_hal_tim.o(i.TIM_OC3_SetConfig)
    TIM_OC3_SetConfig                        0x0800376d   Thumb Code    82  stm32f1xx_hal_tim.o(i.TIM_OC3_SetConfig)
    i.TIM_OC4_SetConfig                      0x080037c4   Section        0  stm32f1xx_hal_tim.o(i.TIM_OC4_SetConfig)
    TIM_OC4_SetConfig                        0x080037c5   Thumb Code    64  stm32f1xx_hal_tim.o(i.TIM_OC4_SetConfig)
    i.TIM_TI1_ConfigInputStage               0x08003808   Section        0  stm32f1xx_hal_tim.o(i.TIM_TI1_ConfigInputStage)
    TIM_TI1_ConfigInputStage                 0x08003809   Thumb Code    34  stm32f1xx_hal_tim.o(i.TIM_TI1_ConfigInputStage)
    i.TIM_TI2_ConfigInputStage               0x0800382a   Section        0  stm32f1xx_hal_tim.o(i.TIM_TI2_ConfigInputStage)
    TIM_TI2_ConfigInputStage                 0x0800382b   Thumb Code    36  stm32f1xx_hal_tim.o(i.TIM_TI2_ConfigInputStage)
    i.UART_SetConfig                         0x08003850   Section        0  stm32f1xx_hal_uart.o(i.UART_SetConfig)
    UART_SetConfig                           0x08003851   Thumb Code   364  stm32f1xx_hal_uart.o(i.UART_SetConfig)
    i.UsageFault_Handler                     0x080039c0   Section        0  stm32f1xx_it.o(i.UsageFault_Handler)
    i.__0sprintf                             0x080039c4   Section        0  printfa.o(i.__0sprintf)
    i.__scatterload_copy                     0x080039ec   Section       14  handlers.o(i.__scatterload_copy)
    i.__scatterload_null                     0x080039fa   Section        2  handlers.o(i.__scatterload_null)
    i.__scatterload_zeroinit                 0x080039fc   Section       14  handlers.o(i.__scatterload_zeroinit)
    i._fp_digits                             0x08003a0c   Section        0  printfa.o(i._fp_digits)
    _fp_digits                               0x08003a0d   Thumb Code   334  printfa.o(i._fp_digits)
    i._is_digit                              0x08003b70   Section        0  scanf_fp.o(i._is_digit)
    i._printf_core                           0x08003b80   Section        0  printfa.o(i._printf_core)
    _printf_core                             0x08003b81   Thumb Code  1744  printfa.o(i._printf_core)
    i._printf_post_padding                   0x0800425c   Section        0  printfa.o(i._printf_post_padding)
    _printf_post_padding                     0x0800425d   Thumb Code    36  printfa.o(i._printf_post_padding)
    i._printf_pre_padding                    0x08004280   Section        0  printfa.o(i._printf_pre_padding)
    _printf_pre_padding                      0x08004281   Thumb Code    46  printfa.o(i._printf_pre_padding)
    i._sputc                                 0x080042ae   Section        0  printfa.o(i._sputc)
    _sputc                                   0x080042af   Thumb Code    10  printfa.o(i._sputc)
    i.calculate_pid                          0x080042b8   Section        0  main.o(i.calculate_pid)
    i.main                                   0x080043fc   Section        0  main.o(i.main)
    i.strtod                                 0x08004d4c   Section        0  strtod.o(i.strtod)
    .constdata                               0x08004d68   Section       16  system_stm32f1xx.o(.constdata)
    .constdata                               0x08004d78   Section        8  system_stm32f1xx.o(.constdata)
    .constdata                               0x08004d80   Section       64  ctype_c.o(.constdata)
    .data                                    0x20000000   Section      433  main.o(.data)
    .data                                    0x200001b1   Section       14  my_nrf24.o(.data)
    .data                                    0x200001c0   Section        4  system_stm32f1xx.o(.data)
    .data                                    0x200001c4   Section       12  stm32f1xx_hal.o(.data)
    .bss                                     0x200001d0   Section      328  main.o(.bss)
    .bss                                     0x20000318   Section      200  my_nrf24.o(.bss)
    STACK                                    0x200003e0   Section     1024  startup_stm32f103xb.o(STACK)

    Global Symbols

    Symbol Name                              Value     Ov Type        Size  Object(Section)

    BuildAttributes$$THM_ISAv4$P$D$K$B$S$PE$A:L22UL41UL21$X:L11$S22US41US21$IEEE1$IW$USESV6$~STKCKD$USESV7$~SHL$OTIME$ROPI$IEEEJ$EBA8$MICROLIB$REQ8$PRES8$EABIv2 0x00000000   Number         0  anon$$obj.o ABSOLUTE
    __ARM_use_no_argv                        0x00000000   Number         0  main.o ABSOLUTE
    _printf_a                                0x00000000   Number         0  stubs.o ABSOLUTE
    _printf_c                                0x00000000   Number         0  stubs.o ABSOLUTE
    _printf_charcount                        0x00000000   Number         0  stubs.o ABSOLUTE
    _printf_d                                0x00000000   Number         0  stubs.o ABSOLUTE
    _printf_e                                0x00000000   Number         0  stubs.o ABSOLUTE
    _printf_f                                0x00000000   Number         0  stubs.o ABSOLUTE
    _printf_flags                            0x00000000   Number         0  stubs.o ABSOLUTE
    _printf_fp_dec                           0x00000000   Number         0  stubs.o ABSOLUTE
    _printf_fp_hex                           0x00000000   Number         0  stubs.o ABSOLUTE
    _printf_g                                0x00000000   Number         0  stubs.o ABSOLUTE
    _printf_i                                0x00000000   Number         0  stubs.o ABSOLUTE
    _printf_int_dec                          0x00000000   Number         0  stubs.o ABSOLUTE
    _printf_l                                0x00000000   Number         0  stubs.o ABSOLUTE
    _printf_lc                               0x00000000   Number         0  stubs.o ABSOLUTE
    _printf_ll                               0x00000000   Number         0  stubs.o ABSOLUTE
    _printf_lld                              0x00000000   Number         0  stubs.o ABSOLUTE
    _printf_lli                              0x00000000   Number         0  stubs.o ABSOLUTE
    _printf_llo                              0x00000000   Number         0  stubs.o ABSOLUTE
    _printf_llu                              0x00000000   Number         0  stubs.o ABSOLUTE
    _printf_llx                              0x00000000   Number         0  stubs.o ABSOLUTE
    _printf_longlong_dec                     0x00000000   Number         0  stubs.o ABSOLUTE
    _printf_longlong_hex                     0x00000000   Number         0  stubs.o ABSOLUTE
    _printf_longlong_oct                     0x00000000   Number         0  stubs.o ABSOLUTE
    _printf_ls                               0x00000000   Number         0  stubs.o ABSOLUTE
    _printf_mbtowc                           0x00000000   Number         0  stubs.o ABSOLUTE
    _printf_n                                0x00000000   Number         0  stubs.o ABSOLUTE
    _printf_o                                0x00000000   Number         0  stubs.o ABSOLUTE
    _printf_p                                0x00000000   Number         0  stubs.o ABSOLUTE
    _printf_percent                          0x00000000   Number         0  stubs.o ABSOLUTE
    _printf_pre_padding                      0x00000000   Number         0  stubs.o ABSOLUTE
    _printf_return_value                     0x00000000   Number         0  stubs.o ABSOLUTE
    _printf_s                                0x00000000   Number         0  stubs.o ABSOLUTE
    _printf_sizespec                         0x00000000   Number         0  stubs.o ABSOLUTE
    _printf_str                              0x00000000   Number         0  stubs.o ABSOLUTE
    _printf_truncate_signed                  0x00000000   Number         0  stubs.o ABSOLUTE
    _printf_truncate_unsigned                0x00000000   Number         0  stubs.o ABSOLUTE
    _printf_u                                0x00000000   Number         0  stubs.o ABSOLUTE
    _printf_wc                               0x00000000   Number         0  stubs.o ABSOLUTE
    _printf_wctomb                           0x00000000   Number         0  stubs.o ABSOLUTE
    _printf_widthprec                        0x00000000   Number         0  stubs.o ABSOLUTE
    _printf_x                                0x00000000   Number         0  stubs.o ABSOLUTE
    __cpp_initialize__aeabi_                  - Undefined Weak Reference
    __cxa_finalize                            - Undefined Weak Reference
    _clock_init                               - Undefined Weak Reference
    _microlib_exit                            - Undefined Weak Reference
    __Vectors_Size                           0x000000ec   Number         0  startup_stm32f103xb.o ABSOLUTE
    __Vectors                                0x08000000   Data           4  startup_stm32f103xb.o(RESET)
    __Vectors_End                            0x080000ec   Data           0  startup_stm32f103xb.o(RESET)
    __main                                   0x080000ed   Thumb Code     0  entry.o(.ARM.Collect$$$$00000000)
    _main_stk                                0x080000ed   Thumb Code     0  entry2.o(.ARM.Collect$$$$00000001)
    _main_scatterload                        0x080000f1   Thumb Code     0  entry5.o(.ARM.Collect$$$$00000004)
    __main_after_scatterload                 0x080000f5   Thumb Code     0  entry5.o(.ARM.Collect$$$$00000004)
    _main_clock                              0x080000f5   Thumb Code     0  entry7b.o(.ARM.Collect$$$$00000008)
    _main_cpp_init                           0x080000f5   Thumb Code     0  entry8b.o(.ARM.Collect$$$$0000000A)
    _main_init                               0x080000f5   Thumb Code     0  entry9a.o(.ARM.Collect$$$$0000000B)
    __rt_final_cpp                           0x080000fd   Thumb Code     0  entry10a.o(.ARM.Collect$$$$0000000D)
    __rt_final_exit                          0x080000fd   Thumb Code     0  entry11a.o(.ARM.Collect$$$$0000000F)
    Reset_Handler                            0x08000101   Thumb Code     8  startup_stm32f103xb.o(.text)
    ADC1_2_IRQHandler                        0x0800011b   Thumb Code     0  startup_stm32f103xb.o(.text)
    CAN1_RX1_IRQHandler                      0x0800011b   Thumb Code     0  startup_stm32f103xb.o(.text)
    CAN1_SCE_IRQHandler                      0x0800011b   Thumb Code     0  startup_stm32f103xb.o(.text)
    DMA1_Channel1_IRQHandler                 0x0800011b   Thumb Code     0  startup_stm32f103xb.o(.text)
    DMA1_Channel2_IRQHandler                 0x0800011b   Thumb Code     0  startup_stm32f103xb.o(.text)
    DMA1_Channel3_IRQHandler                 0x0800011b   Thumb Code     0  startup_stm32f103xb.o(.text)
    DMA1_Channel4_IRQHandler                 0x0800011b   Thumb Code     0  startup_stm32f103xb.o(.text)
    DMA1_Channel5_IRQHandler                 0x0800011b   Thumb Code     0  startup_stm32f103xb.o(.text)
    DMA1_Channel6_IRQHandler                 0x0800011b   Thumb Code     0  startup_stm32f103xb.o(.text)
    DMA1_Channel7_IRQHandler                 0x0800011b   Thumb Code     0  startup_stm32f103xb.o(.text)
    EXTI0_IRQHandler                         0x0800011b   Thumb Code     0  startup_stm32f103xb.o(.text)
    EXTI15_10_IRQHandler                     0x0800011b   Thumb Code     0  startup_stm32f103xb.o(.text)
    EXTI1_IRQHandler                         0x0800011b   Thumb Code     0  startup_stm32f103xb.o(.text)
    EXTI2_IRQHandler                         0x0800011b   Thumb Code     0  startup_stm32f103xb.o(.text)
    EXTI4_IRQHandler                         0x0800011b   Thumb Code     0  startup_stm32f103xb.o(.text)
    EXTI9_5_IRQHandler                       0x0800011b   Thumb Code     0  startup_stm32f103xb.o(.text)
    FLASH_IRQHandler                         0x0800011b   Thumb Code     0  startup_stm32f103xb.o(.text)
    I2C1_ER_IRQHandler                       0x0800011b   Thumb Code     0  startup_stm32f103xb.o(.text)
    I2C1_EV_IRQHandler                       0x0800011b   Thumb Code     0  startup_stm32f103xb.o(.text)
    I2C2_ER_IRQHandler                       0x0800011b   Thumb Code     0  startup_stm32f103xb.o(.text)
    I2C2_EV_IRQHandler                       0x0800011b   Thumb Code     0  startup_stm32f103xb.o(.text)
    PVD_IRQHandler                           0x0800011b   Thumb Code     0  startup_stm32f103xb.o(.text)
    RCC_IRQHandler                           0x0800011b   Thumb Code     0  startup_stm32f103xb.o(.text)
    RTC_Alarm_IRQHandler                     0x0800011b   Thumb Code     0  startup_stm32f103xb.o(.text)
    RTC_IRQHandler                           0x0800011b   Thumb Code     0  startup_stm32f103xb.o(.text)
    SPI1_IRQHandler                          0x0800011b   Thumb Code     0  startup_stm32f103xb.o(.text)
    SPI2_IRQHandler                          0x0800011b   Thumb Code     0  startup_stm32f103xb.o(.text)
    TAMPER_IRQHandler                        0x0800011b   Thumb Code     0  startup_stm32f103xb.o(.text)
    TIM1_BRK_IRQHandler                      0x0800011b   Thumb Code     0  startup_stm32f103xb.o(.text)
    TIM1_CC_IRQHandler                       0x0800011b   Thumb Code     0  startup_stm32f103xb.o(.text)
    TIM1_TRG_COM_IRQHandler                  0x0800011b   Thumb Code     0  startup_stm32f103xb.o(.text)
    TIM1_UP_IRQHandler                       0x0800011b   Thumb Code     0  startup_stm32f103xb.o(.text)
    TIM2_IRQHandler                          0x0800011b   Thumb Code     0  startup_stm32f103xb.o(.text)
    TIM3_IRQHandler                          0x0800011b   Thumb Code     0  startup_stm32f103xb.o(.text)
    TIM4_IRQHandler                          0x0800011b   Thumb Code     0  startup_stm32f103xb.o(.text)
    USART1_IRQHandler                        0x0800011b   Thumb Code     0  startup_stm32f103xb.o(.text)
    USART2_IRQHandler                        0x0800011b   Thumb Code     0  startup_stm32f103xb.o(.text)
    USART3_IRQHandler                        0x0800011b   Thumb Code     0  startup_stm32f103xb.o(.text)
    USBWakeUp_IRQHandler                     0x0800011b   Thumb Code     0  startup_stm32f103xb.o(.text)
    USB_HP_CAN1_TX_IRQHandler                0x0800011b   Thumb Code     0  startup_stm32f103xb.o(.text)
    USB_LP_CAN1_RX0_IRQHandler               0x0800011b   Thumb Code     0  startup_stm32f103xb.o(.text)
    WWDG_IRQHandler                          0x0800011b   Thumb Code     0  startup_stm32f103xb.o(.text)
    __aeabi_llsr                             0x08000125   Thumb Code    32  llushr.o(.text)
    _ll_ushift_r                             0x08000125   Thumb Code     0  llushr.o(.text)
    strlen                                   0x08000145   Thumb Code    14  strlen.o(.text)
    __aeabi_fadd                             0x08000153   Thumb Code   164  fadd.o(.text)
    __aeabi_fsub                             0x080001f7   Thumb Code     6  fadd.o(.text)
    __aeabi_frsub                            0x080001fd   Thumb Code     6  fadd.o(.text)
    __aeabi_fmul                             0x08000203   Thumb Code   100  fmul.o(.text)
    __aeabi_fdiv                             0x08000267   Thumb Code   124  fdiv.o(.text)
    __aeabi_dadd                             0x080002e3   Thumb Code   322  dadd.o(.text)
    __aeabi_dsub                             0x08000425   Thumb Code     6  dadd.o(.text)
    __aeabi_drsub                            0x0800042b   Thumb Code     6  dadd.o(.text)
    __aeabi_dmul                             0x08000431   Thumb Code   228  dmul.o(.text)
    __aeabi_ddiv                             0x08000515   Thumb Code   222  ddiv.o(.text)
    __aeabi_i2f                              0x080005f3   Thumb Code    18  fflti.o(.text)
    __aeabi_ui2f                             0x08000605   Thumb Code    10  ffltui.o(.text)
    __aeabi_i2d                              0x0800060f   Thumb Code    34  dflti.o(.text)
    __aeabi_f2iz                             0x08000631   Thumb Code    50  ffixi.o(.text)
    __aeabi_d2iz                             0x08000663   Thumb Code    62  dfixi.o(.text)
    __aeabi_f2d                              0x080006a1   Thumb Code    38  f2d.o(.text)
    __aeabi_d2f                              0x080006c7   Thumb Code    56  d2f.o(.text)
    __aeabi_uidiv                            0x080006ff   Thumb Code     0  uidiv.o(.text)
    __aeabi_uidivmod                         0x080006ff   Thumb Code    44  uidiv.o(.text)
    __aeabi_uldivmod                         0x0800072b   Thumb Code    98  uldiv.o(.text)
    __aeabi_llsl                             0x0800078d   Thumb Code    30  llshl.o(.text)
    _ll_shift_l                              0x0800078d   Thumb Code     0  llshl.o(.text)
    __aeabi_lasr                             0x080007ab   Thumb Code    36  llsshr.o(.text)
    _ll_sshift_r                             0x080007ab   Thumb Code     0  llsshr.o(.text)
    __strtod_int                             0x08000807   Thumb Code    88  strtod.o(.text)
    __I$use$fp                               0x0800086d   Thumb Code     0  iusefp.o(.text)
    _float_round                             0x0800086d   Thumb Code    18  fepilogue.o(.text)
    _float_epilogue                          0x0800087f   Thumb Code    92  fepilogue.o(.text)
    _double_round                            0x080008db   Thumb Code    30  depilogue.o(.text)
    _double_epilogue                         0x080008f9   Thumb Code   156  depilogue.o(.text)
    __aeabi_d2ulz                            0x08000995   Thumb Code    48  dfixul.o(.text)
    __aeabi_cdrcmple                         0x080009c5   Thumb Code    48  cdrcmple.o(.text)
    __scatterload                            0x080009f5   Thumb Code    28  init.o(.text)
    __scatterload_rt2                        0x080009f5   Thumb Code     0  init.o(.text)
    isspace                                  0x08000a19   Thumb Code    10  isspace_c.o(.text)
    _scanf_real                              0x08000b25   Thumb Code     0  scanf_fp.o(.text)
    _scanf_really_real                       0x08000b25   Thumb Code   556  scanf_fp.o(.text)
    _sgetc                                   0x08000d5d   Thumb Code    30  _sgetc.o(.text)
    _sbackspace                              0x08000d7b   Thumb Code    34  _sgetc.o(.text)
    __ctype_lookup                           0x08000d9d   Thumb Code    34  ctype_c.o(.text)
    __aeabi_ul2d                             0x08000dc5   Thumb Code    24  dfltul.o(.text)
    __decompress                             0x08000ddd   Thumb Code     0  __dczerorl2.o(.text)
    __decompress1                            0x08000ddd   Thumb Code    86  __dczerorl2.o(.text)
    BusFault_Handler                         0x08000e33   Thumb Code     2  stm32f1xx_it.o(i.BusFault_Handler)
    DebugMon_Handler                         0x08000e35   Thumb Code     2  stm32f1xx_it.o(i.DebugMon_Handler)
    EXTI3_IRQHandler                         0x08000e61   Thumb Code     6  stm32f1xx_it.o(i.EXTI3_IRQHandler)
    HAL_Delay                                0x08000e69   Thumb Code    32  stm32f1xx_hal.o(i.HAL_Delay)
    HAL_GPIO_EXTI_Callback                   0x08000e8d   Thumb Code    12  main.o(i.HAL_GPIO_EXTI_Callback)
    HAL_GPIO_EXTI_IRQHandler                 0x08000e99   Thumb Code    18  stm32f1xx_hal_gpio.o(i.HAL_GPIO_EXTI_IRQHandler)
    HAL_GPIO_Init                            0x08000eb1   Thumb Code   408  stm32f1xx_hal_gpio.o(i.HAL_GPIO_Init)
    HAL_GPIO_TogglePin                       0x0800106d   Thumb Code     8  stm32f1xx_hal_gpio.o(i.HAL_GPIO_TogglePin)
    HAL_GPIO_WritePin                        0x08001075   Thumb Code    10  stm32f1xx_hal_gpio.o(i.HAL_GPIO_WritePin)
    HAL_GetTick                              0x08001081   Thumb Code     6  stm32f1xx_hal.o(i.HAL_GetTick)
    HAL_I2C_Init                             0x0800108d   Thumb Code   302  stm32f1xx_hal_i2c.o(i.HAL_I2C_Init)
    HAL_I2C_IsDeviceReady                    0x080011cd   Thumb Code   344  stm32f1xx_hal_i2c.o(i.HAL_I2C_IsDeviceReady)
    HAL_I2C_Master_Receive                   0x0800132d   Thumb Code   516  stm32f1xx_hal_i2c.o(i.HAL_I2C_Master_Receive)
    HAL_I2C_Master_Transmit                  0x0800153d   Thumb Code   304  stm32f1xx_hal_i2c.o(i.HAL_I2C_Master_Transmit)
    HAL_I2C_MspInit                          0x08001675   Thumb Code    56  stm32f1xx_hal_msp.o(i.HAL_I2C_MspInit)
    HAL_IncTick                              0x080016b9   Thumb Code    12  stm32f1xx_hal.o(i.HAL_IncTick)
    HAL_Init                                 0x080016c9   Thumb Code    32  stm32f1xx_hal.o(i.HAL_Init)
    HAL_InitTick                             0x080016ed   Thumb Code    54  stm32f1xx_hal.o(i.HAL_InitTick)
    HAL_MspInit                              0x0800172d   Thumb Code   118  stm32f1xx_hal_msp.o(i.HAL_MspInit)
    HAL_NVIC_EnableIRQ                       0x080017ad   Thumb Code    22  stm32f1xx_hal_cortex.o(i.HAL_NVIC_EnableIRQ)
    HAL_NVIC_SetPriority                     0x080017c5   Thumb Code    60  stm32f1xx_hal_cortex.o(i.HAL_NVIC_SetPriority)
    HAL_NVIC_SetPriorityGrouping             0x08001805   Thumb Code    26  stm32f1xx_hal_cortex.o(i.HAL_NVIC_SetPriorityGrouping)
    HAL_RCC_ClockConfig                      0x08001829   Thumb Code   322  stm32f1xx_hal_rcc.o(i.HAL_RCC_ClockConfig)
    HAL_RCC_GetHCLKFreq                      0x0800197d   Thumb Code     6  stm32f1xx_hal_rcc.o(i.HAL_RCC_GetHCLKFreq)
    HAL_RCC_GetPCLK1Freq                     0x08001989   Thumb Code    20  stm32f1xx_hal_rcc.o(i.HAL_RCC_GetPCLK1Freq)
    HAL_RCC_GetPCLK2Freq                     0x080019a9   Thumb Code    20  stm32f1xx_hal_rcc.o(i.HAL_RCC_GetPCLK2Freq)
    HAL_RCC_GetSysClockFreq                  0x080019c9   Thumb Code    74  stm32f1xx_hal_rcc.o(i.HAL_RCC_GetSysClockFreq)
    HAL_RCC_OscConfig                        0x08001a35   Thumb Code   750  stm32f1xx_hal_rcc.o(i.HAL_RCC_OscConfig)
    HAL_SPI_Init                             0x08001d39   Thumb Code   130  stm32f1xx_hal_spi_ex.o(i.HAL_SPI_Init)
    HAL_SPI_MspInit                          0x08001dbd   Thumb Code    74  stm32f1xx_hal_msp.o(i.HAL_SPI_MspInit)
    HAL_SPI_Receive                          0x08001e15   Thumb Code   336  stm32f1xx_hal_spi.o(i.HAL_SPI_Receive)
    HAL_SPI_Transmit                         0x08001f65   Thumb Code   360  stm32f1xx_hal_spi.o(i.HAL_SPI_Transmit)
    HAL_SPI_TransmitReceive                  0x080020cd   Thumb Code   472  stm32f1xx_hal_spi.o(i.HAL_SPI_TransmitReceive)
    HAL_SYSTICK_CLKSourceConfig              0x080022a5   Thumb Code    24  stm32f1xx_hal_cortex.o(i.HAL_SYSTICK_CLKSourceConfig)
    HAL_SYSTICK_Callback                     0x080022bd   Thumb Code     2  stm32f1xx_hal_cortex.o(i.HAL_SYSTICK_Callback)
    HAL_SYSTICK_Config                       0x080022bf   Thumb Code    40  stm32f1xx_hal_cortex.o(i.HAL_SYSTICK_Config)
    HAL_SYSTICK_IRQHandler                   0x080022e7   Thumb Code     8  stm32f1xx_hal_cortex.o(i.HAL_SYSTICK_IRQHandler)
    HAL_TIMEx_MasterConfigSynchronization    0x080022ef   Thumb Code    80  stm32f1xx_hal_tim_ex.o(i.HAL_TIMEx_MasterConfigSynchronization)
    HAL_TIM_Base_Init                        0x0800233f   Thumb Code    54  stm32f1xx_hal_tim.o(i.HAL_TIM_Base_Init)
    HAL_TIM_Base_MspInit                     0x08002375   Thumb Code    30  stm32f1xx_hal_msp.o(i.HAL_TIM_Base_MspInit)
    HAL_TIM_ConfigClockSource                0x0800239d   Thumb Code   242  stm32f1xx_hal_tim.o(i.HAL_TIM_ConfigClockSource)
    HAL_TIM_MspPostInit                      0x08002491   Thumb Code    32  stm32f1xx_hal_msp.o(i.HAL_TIM_MspPostInit)
    HAL_TIM_PWM_ConfigChannel                0x080024b9   Thumb Code   208  stm32f1xx_hal_tim.o(i.HAL_TIM_PWM_ConfigChannel)
    HAL_TIM_PWM_Init                         0x08002589   Thumb Code    54  stm32f1xx_hal_tim.o(i.HAL_TIM_PWM_Init)
    HAL_TIM_PWM_MspInit                      0x080025bf   Thumb Code     2  stm32f1xx_hal_tim.o(i.HAL_TIM_PWM_MspInit)
    HAL_TIM_PWM_Start                        0x080025c1   Thumb Code    42  stm32f1xx_hal_tim.o(i.HAL_TIM_PWM_Start)
    HAL_UART_Init                            0x080025f1   Thumb Code    98  stm32f1xx_hal_uart.o(i.HAL_UART_Init)
    HAL_UART_MspInit                         0x08002655   Thumb Code    76  stm32f1xx_hal_msp.o(i.HAL_UART_MspInit)
    HardFault_Handler                        0x080026ad   Thumb Code     2  stm32f1xx_it.o(i.HardFault_Handler)
    IRQ_Callback                             0x08002a31   Thumb Code   126  my_nrf24.o(i.IRQ_Callback)
    MemManage_Handler                        0x08002c91   Thumb Code     2  stm32f1xx_it.o(i.MemManage_Handler)
    NMI_Handler                              0x08002c93   Thumb Code     2  stm32f1xx_it.o(i.NMI_Handler)
    NRF24L01_RX_Mode                         0x08002c95   Thumb Code    66  my_nrf24.o(i.NRF24L01_RX_Mode)
    NRF24L01_Send                            0x08002ce1   Thumb Code    76  my_nrf24.o(i.NRF24L01_Send)
    NRF24L01_TX_Mode                         0x08002d31   Thumb Code    44  my_nrf24.o(i.NRF24L01_TX_Mode)
    NRF24_FlushRX                            0x08002d65   Thumb Code    52  my_nrf24.o(i.NRF24_FlushRX)
    NRF24_FlushTX                            0x08002da5   Thumb Code    52  my_nrf24.o(i.NRF24_FlushTX)
    NRF24_ReadReg                            0x08002de5   Thumb Code    86  my_nrf24.o(i.NRF24_ReadReg)
    NRF24_Read_Buf                           0x08002e45   Thumb Code    58  my_nrf24.o(i.NRF24_Read_Buf)
    NRF24_ToggleFeatures                     0x08002e89   Thumb Code    72  my_nrf24.o(i.NRF24_ToggleFeatures)
    NRF24_Transmit                           0x08002edd   Thumb Code    84  my_nrf24.o(i.NRF24_Transmit)
    NRF24_WriteReg                           0x08002f39   Thumb Code    66  my_nrf24.o(i.NRF24_WriteReg)
    NRF24_Write_Buf                          0x08002f85   Thumb Code    76  my_nrf24.o(i.NRF24_Write_Buf)
    NRF24_ini                                0x08002fd9   Thumb Code   148  my_nrf24.o(i.NRF24_ini)
    NRF_Sendstring                           0x08003075   Thumb Code    86  main.o(i.NRF_Sendstring)
    PendSV_Handler                           0x080030f1   Thumb Code     2  stm32f1xx_it.o(i.PendSV_Handler)
    SD_MPU6050_Init                          0x080030f3   Thumb Code   160  sd_hal_mpu6050.o(i.SD_MPU6050_Init)
    SD_MPU6050_ReadAll                       0x08003195   Thumb Code   136  sd_hal_mpu6050.o(i.SD_MPU6050_ReadAll)
    SD_MPU6050_SetAccelerometer              0x08003225   Thumb Code   140  sd_hal_mpu6050.o(i.SD_MPU6050_SetAccelerometer)
    SD_MPU6050_SetDataRate                   0x080032b1   Thumb Code    40  sd_hal_mpu6050.o(i.SD_MPU6050_SetDataRate)
    SD_MPU6050_SetGyroscope                  0x080032d9   Thumb Code   132  sd_hal_mpu6050.o(i.SD_MPU6050_SetGyroscope)
    SVC_Handler                              0x08003423   Thumb Code     2  stm32f1xx_it.o(i.SVC_Handler)
    SetPmw                                   0x08003425   Thumb Code    84  main.o(i.SetPmw)
    SysTick_Handler                          0x0800347d   Thumb Code   214  main.o(i.SysTick_Handler)
    SystemClock_Config                       0x0800356d   Thumb Code   104  main.o(i.SystemClock_Config)
    SystemInit                               0x080035d5   Thumb Code    56  system_stm32f1xx.o(i.SystemInit)
    TIM_Base_SetConfig                       0x0800361d   Thumb Code    94  stm32f1xx_hal_tim.o(i.TIM_Base_SetConfig)
    TIM_CCxChannelCmd                        0x08003689   Thumb Code    22  stm32f1xx_hal_tim.o(i.TIM_CCxChannelCmd)
    TIM_OC2_SetConfig                        0x08003715   Thumb Code    84  stm32f1xx_hal_tim.o(i.TIM_OC2_SetConfig)
    UsageFault_Handler                       0x080039c1   Thumb Code     2  stm32f1xx_it.o(i.UsageFault_Handler)
    __0sprintf                               0x080039c5   Thumb Code    34  printfa.o(i.__0sprintf)
    __1sprintf                               0x080039c5   Thumb Code     0  printfa.o(i.__0sprintf)
    __2sprintf                               0x080039c5   Thumb Code     0  printfa.o(i.__0sprintf)
    __c89sprintf                             0x080039c5   Thumb Code     0  printfa.o(i.__0sprintf)
    sprintf                                  0x080039c5   Thumb Code     0  printfa.o(i.__0sprintf)
    __scatterload_copy                       0x080039ed   Thumb Code    14  handlers.o(i.__scatterload_copy)
    __scatterload_null                       0x080039fb   Thumb Code     2  handlers.o(i.__scatterload_null)
    __scatterload_zeroinit                   0x080039fd   Thumb Code    14  handlers.o(i.__scatterload_zeroinit)
    _is_digit                                0x08003b71   Thumb Code    14  scanf_fp.o(i._is_digit)
    calculate_pid                            0x080042b9   Thumb Code   306  main.o(i.calculate_pid)
    main                                     0x080043fd   Thumb Code  2172  main.o(i.main)
    strtod                                   0x08004d4d   Thumb Code    28  strtod.o(i.strtod)
    AHBPrescTable                            0x08004d68   Data          16  system_stm32f1xx.o(.constdata)
    APBPrescTable                            0x08004d78   Data           8  system_stm32f1xx.o(.constdata)
    __ctype_categories                       0x08004d80   Data          64  ctype_c.o(.constdata)
    Region$$Table$$Base                      0x08004dc0   Number         0  anon$$obj.o(Region$$Table)
    Region$$Table$$Limit                     0x08004de0   Number         0  anon$$obj.o(Region$$Table)
    Tx_index                                 0x20000000   Data           1  main.o(.data)
    duty1                                    0x20000004   Data           4  main.o(.data)
    duty2                                    0x20000008   Data           4  main.o(.data)
    duty3                                    0x2000000c   Data           4  main.o(.data)
    duty4                                    0x20000010   Data           4  main.o(.data)
    min1                                     0x20000014   Data           4  main.o(.data)
    min2                                     0x20000018   Data           4  main.o(.data)
    min3                                     0x2000001c   Data           4  main.o(.data)
    min4                                     0x20000020   Data           4  main.o(.data)
    max1                                     0x20000024   Data           4  main.o(.data)
    max2                                     0x20000028   Data           4  main.o(.data)
    max3                                     0x2000002c   Data           4  main.o(.data)
    max4                                     0x20000030   Data           4  main.o(.data)
    loop                                     0x20000034   Data           4  main.o(.data)
    resetnrf                                 0x20000038   Data           4  main.o(.data)
    stop                                     0x2000003c   Data           4  main.o(.data)
    g_x                                      0x20000040   Data           4  main.o(.data)
    g_y                                      0x20000044   Data           4  main.o(.data)
    g_z                                      0x20000048   Data           4  main.o(.data)
    a_x                                      0x2000004c   Data           4  main.o(.data)
    a_y                                      0x20000050   Data           4  main.o(.data)
    a_z                                      0x20000054   Data           4  main.o(.data)
    g_xx                                     0x20000058   Data           4  main.o(.data)
    g_yy                                     0x2000005c   Data           4  main.o(.data)
    g_zz                                     0x20000060   Data           4  main.o(.data)
    dt                                       0x20000064   Data           4  main.o(.data)
    old_time                                 0x20000068   Data           4  main.o(.data)
    g_roll                                   0x2000006c   Data           4  main.o(.data)
    g_pitch                                  0x20000070   Data           4  main.o(.data)
    g_yaw                                    0x20000074   Data           4  main.o(.data)
    tick                                     0x20000078   Data           4  main.o(.data)
    pid_p_roll                               0x2000007c   Data           4  main.o(.data)
    pid_i_roll                               0x20000080   Data           4  main.o(.data)
    pid_d_roll                               0x20000084   Data           4  main.o(.data)
    pid_p_pitch                              0x20000088   Data           4  main.o(.data)
    pid_i_pitch                              0x2000008c   Data           4  main.o(.data)
    pid_d_pitch                              0x20000090   Data           4  main.o(.data)
    set_point_roll                           0x20000094   Data           4  main.o(.data)
    set_point_pitch                          0x20000098   Data           4  main.o(.data)
    aim_roll                                 0x2000009c   Data           4  main.o(.data)
    aim_pitch                                0x200000a0   Data           4  main.o(.data)
    error_roll                               0x200000a4   Data           4  main.o(.data)
    error_pitch                              0x200000a8   Data           4  main.o(.data)
    last_error_roll                          0x200000ac   Data           4  main.o(.data)
    last_error_pitch                         0x200000b0   Data           4  main.o(.data)
    inter_roll                               0x200000b4   Data           4  main.o(.data)
    inter_pitch                              0x200000b8   Data           4  main.o(.data)
    output_roll                              0x200000bc   Data           4  main.o(.data)
    output_pitch                             0x200000c0   Data           4  main.o(.data)
    input_roll                               0x200000c4   Data           4  main.o(.data)
    input_pitch                              0x200000c8   Data           4  main.o(.data)
    chanel_send                              0x200000cc   Data           4  main.o(.data)
    throut                                   0x200000d0   Data           4  main.o(.data)
    start                                    0x200000d4   Data           4  main.o(.data)
    er1                                      0x200000d8   Data           4  main.o(.data)
    er2                                      0x200000dc   Data           4  main.o(.data)
    Std                                      0x200000e0   Data           4  main.o(.data)
    TX_BUF                                   0x200000e4   Data           5  main.o(.data)
    Tx_str                                   0x200000e9   Data         200  main.o(.data)
    rx_flag                                  0x200001b1   Data           1  my_nrf24.o(.data)
    tx_flag                                  0x200001b2   Data           1  my_nrf24.o(.data)
    Rx_index                                 0x200001b3   Data           1  my_nrf24.o(.data)
    TX_ADDRESS0                              0x200001b4   Data           3  my_nrf24.o(.data)
    TX_ADDRESS1                              0x200001b7   Data           3  my_nrf24.o(.data)
    RX_BUF                                   0x200001ba   Data           5  my_nrf24.o(.data)
    SystemCoreClock                          0x200001c0   Data           4  system_stm32f1xx.o(.data)
    uwTickFreq                               0x200001c4   Data           1  stm32f1xx_hal.o(.data)
    uwTickPrio                               0x200001c8   Data           4  stm32f1xx_hal.o(.data)
    uwTick                                   0x200001cc   Data           4  stm32f1xx_hal.o(.data)
    hi2c2                                    0x200001d0   Data          84  main.o(.bss)
    hspi1                                    0x20000224   Data          88  main.o(.bss)
    htim4                                    0x2000027c   Data          64  main.o(.bss)
    huart1                                   0x200002bc   Data          64  main.o(.bss)
    mpu1                                     0x200002fc   Data          28  main.o(.bss)
    Rx_str                                   0x20000318   Data         200  my_nrf24.o(.bss)
    __initial_sp                             0x200007e0   Data           0  startup_stm32f103xb.o(STACK)



==============================================================================

Memory Map of the image

  Image Entry point : 0x080000ed

  Load Region LR_IROM1 (Base: 0x08000000, Size: 0x00004fb0, Max: 0x00010000, ABSOLUTE, COMPRESSED[0x00004e20])

    Execution Region ER_IROM1 (Base: 0x08000000, Size: 0x00004de0, Max: 0x00010000, ABSOLUTE)

    Base Addr    Size         Type   Attr      Idx    E Section Name        Object

    0x08000000   0x000000ec   Data   RO            3    RESET               startup_stm32f103xb.o
    0x080000ec   0x00000000   Code   RO         3466  * .ARM.Collect$$$$00000000  mc_w.l(entry.o)
    0x080000ec   0x00000004   Code   RO         3760    .ARM.Collect$$$$00000001  mc_w.l(entry2.o)
    0x080000f0   0x00000004   Code   RO         3763    .ARM.Collect$$$$00000004  mc_w.l(entry5.o)
    0x080000f4   0x00000000   Code   RO         3765    .ARM.Collect$$$$00000008  mc_w.l(entry7b.o)
    0x080000f4   0x00000000   Code   RO         3767    .ARM.Collect$$$$0000000A  mc_w.l(entry8b.o)
    0x080000f4   0x00000008   Code   RO         3768    .ARM.Collect$$$$0000000B  mc_w.l(entry9a.o)
    0x080000fc   0x00000000   Code   RO         3770    .ARM.Collect$$$$0000000D  mc_w.l(entry10a.o)
    0x080000fc   0x00000000   Code   RO         3772    .ARM.Collect$$$$0000000F  mc_w.l(entry11a.o)
    0x080000fc   0x00000004   Code   RO         3761    .ARM.Collect$$$$00002712  mc_w.l(entry2.o)
    0x08000100   0x00000024   Code   RO            4    .text               startup_stm32f103xb.o
    0x08000124   0x00000020   Code   RO         3469    .text               mc_w.l(llushr.o)
    0x08000144   0x0000000e   Code   RO         3471    .text               mc_w.l(strlen.o)
    0x08000152   0x000000b0   Code   RO         3734    .text               mf_w.l(fadd.o)
    0x08000202   0x00000064   Code   RO         3736    .text               mf_w.l(fmul.o)
    0x08000266   0x0000007c   Code   RO         3738    .text               mf_w.l(fdiv.o)
    0x080002e2   0x0000014e   Code   RO         3740    .text               mf_w.l(dadd.o)
    0x08000430   0x000000e4   Code   RO         3742    .text               mf_w.l(dmul.o)
    0x08000514   0x000000de   Code   RO         3744    .text               mf_w.l(ddiv.o)
    0x080005f2   0x00000012   Code   RO         3746    .text               mf_w.l(fflti.o)
    0x08000604   0x0000000a   Code   RO         3748    .text               mf_w.l(ffltui.o)
    0x0800060e   0x00000022   Code   RO         3750    .text               mf_w.l(dflti.o)
    0x08000630   0x00000032   Code   RO         3752    .text               mf_w.l(ffixi.o)
    0x08000662   0x0000003e   Code   RO         3754    .text               mf_w.l(dfixi.o)
    0x080006a0   0x00000026   Code   RO         3756    .text               mf_w.l(f2d.o)
    0x080006c6   0x00000038   Code   RO         3758    .text               mf_w.l(d2f.o)
    0x080006fe   0x0000002c   Code   RO         3777    .text               mc_w.l(uidiv.o)
    0x0800072a   0x00000062   Code   RO         3779    .text               mc_w.l(uldiv.o)
    0x0800078c   0x0000001e   Code   RO         3781    .text               mc_w.l(llshl.o)
    0x080007aa   0x00000024   Code   RO         3783    .text               mc_w.l(llsshr.o)
    0x080007ce   0x00000002   PAD
    0x080007d0   0x0000009c   Code   RO         3785    .text               mc_w.l(strtod.o)
    0x0800086c   0x00000000   Code   RO         3787    .text               mc_w.l(iusefp.o)
    0x0800086c   0x0000006e   Code   RO         3788    .text               mf_w.l(fepilogue.o)
    0x080008da   0x000000ba   Code   RO         3790    .text               mf_w.l(depilogue.o)
    0x08000994   0x00000030   Code   RO         3792    .text               mf_w.l(dfixul.o)
    0x080009c4   0x00000030   Code   RO         3794    .text               mf_w.l(cdrcmple.o)
    0x080009f4   0x00000024   Code   RO         3796    .text               mc_w.l(init.o)
    0x08000a18   0x0000000a   Code   RO         3799    .text               mc_w.l(isspace_c.o)
    0x08000a22   0x00000002   PAD
    0x08000a24   0x00000338   Code   RO         3801    .text               mc_w.l(scanf_fp.o)
    0x08000d5c   0x00000040   Code   RO         3805    .text               mc_w.l(_sgetc.o)
    0x08000d9c   0x00000028   Code   RO         3808    .text               mc_w.l(ctype_c.o)
    0x08000dc4   0x00000018   Code   RO         3811    .text               mf_w.l(dfltul.o)
    0x08000ddc   0x00000056   Code   RO         3821    .text               mc_w.l(__dczerorl2.o)
    0x08000e32   0x00000002   Code   RO           13    i.BusFault_Handler  stm32f1xx_it.o
    0x08000e34   0x00000002   Code   RO           14    i.DebugMon_Handler  stm32f1xx_it.o
    0x08000e36   0x00000002   PAD
    0x08000e38   0x00000028   Code   RO          366    i.DelayMicro        my_nrf24.o
    0x08000e60   0x00000006   Code   RO           15    i.EXTI3_IRQHandler  stm32f1xx_it.o
    0x08000e66   0x00000002   PAD
    0x08000e68   0x00000024   Code   RO          715    i.HAL_Delay         stm32f1xx_hal.o
    0x08000e8c   0x0000000c   Code   RO          176    i.HAL_GPIO_EXTI_Callback  main.o
    0x08000e98   0x00000018   Code   RO          869    i.HAL_GPIO_EXTI_IRQHandler  stm32f1xx_hal_gpio.o
    0x08000eb0   0x000001bc   Code   RO          870    i.HAL_GPIO_Init     stm32f1xx_hal_gpio.o
    0x0800106c   0x00000008   Code   RO          873    i.HAL_GPIO_TogglePin  stm32f1xx_hal_gpio.o
    0x08001074   0x0000000a   Code   RO          874    i.HAL_GPIO_WritePin  stm32f1xx_hal_gpio.o
    0x0800107e   0x00000002   PAD
    0x08001080   0x0000000c   Code   RO          719    i.HAL_GetTick       stm32f1xx_hal.o
    0x0800108c   0x00000140   Code   RO         3078    i.HAL_I2C_Init      stm32f1xx_hal_i2c.o
    0x080011cc   0x00000160   Code   RO         3079    i.HAL_I2C_IsDeviceReady  stm32f1xx_hal_i2c.o
    0x0800132c   0x00000210   Code   RO         3084    i.HAL_I2C_Master_Receive  stm32f1xx_hal_i2c.o
    0x0800153c   0x00000138   Code   RO         3089    i.HAL_I2C_Master_Transmit  stm32f1xx_hal_i2c.o
    0x08001674   0x00000044   Code   RO          289    i.HAL_I2C_MspInit   stm32f1xx_hal_msp.o
    0x080016b8   0x00000010   Code   RO          723    i.HAL_IncTick       stm32f1xx_hal.o
    0x080016c8   0x00000024   Code   RO          724    i.HAL_Init          stm32f1xx_hal.o
    0x080016ec   0x00000040   Code   RO          725    i.HAL_InitTick      stm32f1xx_hal.o
    0x0800172c   0x00000080   Code   RO          290    i.HAL_MspInit       stm32f1xx_hal_msp.o
    0x080017ac   0x00000016   Code   RO         2046    i.HAL_NVIC_EnableIRQ  stm32f1xx_hal_cortex.o
    0x080017c2   0x00000002   PAD
    0x080017c4   0x00000040   Code   RO         2052    i.HAL_NVIC_SetPriority  stm32f1xx_hal_cortex.o
    0x08001804   0x00000024   Code   RO         2053    i.HAL_NVIC_SetPriorityGrouping  stm32f1xx_hal_cortex.o
    0x08001828   0x00000154   Code   RO          607    i.HAL_RCC_ClockConfig  stm32f1xx_hal_rcc.o
    0x0800197c   0x0000000c   Code   RO          612    i.HAL_RCC_GetHCLKFreq  stm32f1xx_hal_rcc.o
    0x08001988   0x00000020   Code   RO          614    i.HAL_RCC_GetPCLK1Freq  stm32f1xx_hal_rcc.o
    0x080019a8   0x00000020   Code   RO          615    i.HAL_RCC_GetPCLK2Freq  stm32f1xx_hal_rcc.o
    0x080019c8   0x0000006c   Code   RO          616    i.HAL_RCC_GetSysClockFreq  stm32f1xx_hal_rcc.o
    0x08001a34   0x00000304   Code   RO          619    i.HAL_RCC_OscConfig  stm32f1xx_hal_rcc.o
    0x08001d38   0x00000082   Code   RO         2717    i.HAL_SPI_Init      stm32f1xx_hal_spi_ex.o
    0x08001dba   0x00000002   PAD
    0x08001dbc   0x00000058   Code   RO          292    i.HAL_SPI_MspInit   stm32f1xx_hal_msp.o
    0x08001e14   0x00000150   Code   RO         2408    i.HAL_SPI_Receive   stm32f1xx_hal_spi.o
    0x08001f64   0x00000168   Code   RO         2413    i.HAL_SPI_Transmit  stm32f1xx_hal_spi.o
    0x080020cc   0x000001d8   Code   RO         2414    i.HAL_SPI_TransmitReceive  stm32f1xx_hal_spi.o
    0x080022a4   0x00000018   Code   RO         2055    i.HAL_SYSTICK_CLKSourceConfig  stm32f1xx_hal_cortex.o
    0x080022bc   0x00000002   Code   RO         2056    i.HAL_SYSTICK_Callback  stm32f1xx_hal_cortex.o
    0x080022be   0x00000028   Code   RO         2057    i.HAL_SYSTICK_Config  stm32f1xx_hal_cortex.o
    0x080022e6   0x00000008   Code   RO         2058    i.HAL_SYSTICK_IRQHandler  stm32f1xx_hal_cortex.o
    0x080022ee   0x00000050   Code   RO         2178    i.HAL_TIMEx_MasterConfigSynchronization  stm32f1xx_hal_tim_ex.o
    0x0800233e   0x00000036   Code   RO         1181    i.HAL_TIM_Base_Init  stm32f1xx_hal_tim.o
    0x08002374   0x00000028   Code   RO          294    i.HAL_TIM_Base_MspInit  stm32f1xx_hal_msp.o
    0x0800239c   0x000000f2   Code   RO         1190    i.HAL_TIM_ConfigClockSource  stm32f1xx_hal_tim.o
    0x0800248e   0x00000002   PAD
    0x08002490   0x00000028   Code   RO          295    i.HAL_TIM_MspPostInit  stm32f1xx_hal_msp.o
    0x080024b8   0x000000d0   Code   RO         1247    i.HAL_TIM_PWM_ConfigChannel  stm32f1xx_hal_tim.o
    0x08002588   0x00000036   Code   RO         1250    i.HAL_TIM_PWM_Init  stm32f1xx_hal_tim.o
    0x080025be   0x00000002   Code   RO         1252    i.HAL_TIM_PWM_MspInit  stm32f1xx_hal_tim.o
    0x080025c0   0x00000030   Code   RO         1254    i.HAL_TIM_PWM_Start  stm32f1xx_hal_tim.o
    0x080025f0   0x00000062   Code   RO         2766    i.HAL_UART_Init     stm32f1xx_hal_uart.o
    0x08002652   0x00000002   PAD
    0x08002654   0x00000058   Code   RO          297    i.HAL_UART_MspInit  stm32f1xx_hal_msp.o
    0x080026ac   0x00000002   Code   RO           16    i.HardFault_Handler  stm32f1xx_it.o
    0x080026ae   0x00000028   Code   RO         3116    i.I2C_IsAcknowledgeFailed  stm32f1xx_hal_i2c.o
    0x080026d6   0x000000de   Code   RO         3119    i.I2C_MasterRequestRead  stm32f1xx_hal_i2c.o
    0x080027b4   0x00000094   Code   RO         3120    i.I2C_MasterRequestWrite  stm32f1xx_hal_i2c.o
    0x08002848   0x0000004e   Code   RO         3129    i.I2C_WaitOnBTFFlagUntilTimeout  stm32f1xx_hal_i2c.o
    0x08002896   0x00000060   Code   RO         3130    i.I2C_WaitOnFlagUntilTimeout  stm32f1xx_hal_i2c.o
    0x080028f6   0x00000002   PAD
    0x080028f8   0x00000088   Code   RO         3131    i.I2C_WaitOnMasterAddressFlagUntilTimeout  stm32f1xx_hal_i2c.o
    0x08002980   0x00000062   Code   RO         3132    i.I2C_WaitOnRXNEFlagUntilTimeout  stm32f1xx_hal_i2c.o
    0x080029e2   0x0000004e   Code   RO         3133    i.I2C_WaitOnTXEFlagUntilTimeout  stm32f1xx_hal_i2c.o
    0x08002a30   0x00000088   Code   RO          367    i.IRQ_Callback      my_nrf24.o
    0x08002ab8   0x000000bc   Code   RO          177    i.MX_GPIO_Init      main.o
    0x08002b74   0x00000038   Code   RO          178    i.MX_I2C2_Init      main.o
    0x08002bac   0x00000040   Code   RO          179    i.MX_SPI1_Init      main.o
    0x08002bec   0x000000a4   Code   RO          180    i.MX_TIM4_Init      main.o
    0x08002c90   0x00000002   Code   RO           17    i.MemManage_Handler  stm32f1xx_it.o
    0x08002c92   0x00000002   Code   RO           18    i.NMI_Handler       stm32f1xx_it.o
    0x08002c94   0x0000004c   Code   RO          368    i.NRF24L01_RX_Mode  my_nrf24.o
    0x08002ce0   0x00000050   Code   RO          370    i.NRF24L01_Send     my_nrf24.o
    0x08002d30   0x00000034   Code   RO          371    i.NRF24L01_TX_Mode  my_nrf24.o
    0x08002d64   0x00000040   Code   RO          372    i.NRF24_FlushRX     my_nrf24.o
    0x08002da4   0x00000040   Code   RO          373    i.NRF24_FlushTX     my_nrf24.o
    0x08002de4   0x00000060   Code   RO          374    i.NRF24_ReadReg     my_nrf24.o
    0x08002e44   0x00000044   Code   RO          375    i.NRF24_Read_Buf    my_nrf24.o
    0x08002e88   0x00000054   Code   RO          376    i.NRF24_ToggleFeatures  my_nrf24.o
    0x08002edc   0x0000005c   Code   RO          377    i.NRF24_Transmit    my_nrf24.o
    0x08002f38   0x0000004c   Code   RO          378    i.NRF24_WriteReg    my_nrf24.o
    0x08002f84   0x00000054   Code   RO          379    i.NRF24_Write_Buf   my_nrf24.o
    0x08002fd8   0x0000009c   Code   RO          380    i.NRF24_ini         my_nrf24.o
    0x08003074   0x0000005c   Code   RO          181    i.NRF_Sendstring    main.o
    0x080030d0   0x00000020   Code   RO         2059    i.NVIC_SetPriority  stm32f1xx_hal_cortex.o
    0x080030f0   0x00000002   Code   RO           19    i.PendSV_Handler    stm32f1xx_it.o
    0x080030f2   0x000000a0   Code   RO          483    i.SD_MPU6050_Init   sd_hal_mpu6050.o
    0x08003192   0x00000002   PAD
    0x08003194   0x00000090   Code   RO          485    i.SD_MPU6050_ReadAll  sd_hal_mpu6050.o
    0x08003224   0x0000008c   Code   RO          489    i.SD_MPU6050_SetAccelerometer  sd_hal_mpu6050.o
    0x080032b0   0x00000028   Code   RO          490    i.SD_MPU6050_SetDataRate  sd_hal_mpu6050.o
    0x080032d8   0x00000094   Code   RO          491    i.SD_MPU6050_SetGyroscope  sd_hal_mpu6050.o
    0x0800336c   0x00000020   Code   RO         2429    i.SPI_CheckFlag_BSY  stm32f1xx_hal_spi.o
    0x0800338c   0x00000096   Code   RO         2448    i.SPI_WaitFlagStateUntilTimeout  stm32f1xx_hal_spi.o
    0x08003422   0x00000002   Code   RO           20    i.SVC_Handler       stm32f1xx_it.o
    0x08003424   0x00000058   Code   RO          182    i.SetPmw            main.o
    0x0800347c   0x000000f0   Code   RO          183    i.SysTick_Handler   main.o
    0x0800356c   0x00000068   Code   RO          184    i.SystemClock_Config  main.o
    0x080035d4   0x00000048   Code   RO          569    i.SystemInit        system_stm32f1xx.o
    0x0800361c   0x0000006c   Code   RO         1265    i.TIM_Base_SetConfig  stm32f1xx_hal_tim.o
    0x08003688   0x00000016   Code   RO         1266    i.TIM_CCxChannelCmd  stm32f1xx_hal_tim.o
    0x0800369e   0x00000014   Code   RO         1272    i.TIM_ETR_SetConfig  stm32f1xx_hal_tim.o
    0x080036b2   0x00000010   Code   RO         1273    i.TIM_ITRx_SetConfig  stm32f1xx_hal_tim.o
    0x080036c2   0x00000002   PAD
    0x080036c4   0x00000050   Code   RO         1274    i.TIM_OC1_SetConfig  stm32f1xx_hal_tim.o
    0x08003714   0x00000058   Code   RO         1275    i.TIM_OC2_SetConfig  stm32f1xx_hal_tim.o
    0x0800376c   0x00000058   Code   RO         1276    i.TIM_OC3_SetConfig  stm32f1xx_hal_tim.o
    0x080037c4   0x00000044   Code   RO         1277    i.TIM_OC4_SetConfig  stm32f1xx_hal_tim.o
    0x08003808   0x00000022   Code   RO         1279    i.TIM_TI1_ConfigInputStage  stm32f1xx_hal_tim.o
    0x0800382a   0x00000024   Code   RO         1281    i.TIM_TI2_ConfigInputStage  stm32f1xx_hal_tim.o
    0x0800384e   0x00000002   PAD
    0x08003850   0x00000170   Code   RO         2792    i.UART_SetConfig    stm32f1xx_hal_uart.o
    0x080039c0   0x00000002   Code   RO           21    i.UsageFault_Handler  stm32f1xx_it.o
    0x080039c2   0x00000002   PAD
    0x080039c4   0x00000028   Code   RO         3708    i.__0sprintf        mc_w.l(printfa.o)
    0x080039ec   0x0000000e   Code   RO         3815    i.__scatterload_copy  mc_w.l(handlers.o)
    0x080039fa   0x00000002   Code   RO         3816    i.__scatterload_null  mc_w.l(handlers.o)
    0x080039fc   0x0000000e   Code   RO         3817    i.__scatterload_zeroinit  mc_w.l(handlers.o)
    0x08003a0a   0x00000002   PAD
    0x08003a0c   0x00000164   Code   RO         3713    i._fp_digits        mc_w.l(printfa.o)
    0x08003b70   0x0000000e   Code   RO         3803    i._is_digit         mc_w.l(scanf_fp.o)
    0x08003b7e   0x00000002   PAD
    0x08003b80   0x000006dc   Code   RO         3714    i._printf_core      mc_w.l(printfa.o)
    0x0800425c   0x00000024   Code   RO         3715    i._printf_post_padding  mc_w.l(printfa.o)
    0x08004280   0x0000002e   Code   RO         3716    i._printf_pre_padding  mc_w.l(printfa.o)
    0x080042ae   0x0000000a   Code   RO         3718    i._sputc            mc_w.l(printfa.o)
    0x080042b8   0x00000144   Code   RO          186    i.calculate_pid     main.o
    0x080043fc   0x00000950   Code   RO          187    i.main              main.o
    0x08004d4c   0x0000001c   Code   RO         3463    i.strtod            m_ws.l(strtod.o)
    0x08004d68   0x00000010   Data   RO          570    .constdata          system_stm32f1xx.o
    0x08004d78   0x00000008   Data   RO          571    .constdata          system_stm32f1xx.o
    0x08004d80   0x00000040   Data   RO         3809    .constdata          mc_w.l(ctype_c.o)
    0x08004dc0   0x00000020   Data   RO         3813    Region$$Table       anon$$obj.o


    Execution Region RW_IRAM1 (Base: 0x20000000, Size: 0x000007e0, Max: 0x00005000, ABSOLUTE, COMPRESSED[0x00000040])

    Base Addr    Size         Type   Attr      Idx    E Section Name        Object

    0x20000000   0x000001b1   Data   RW          189    .data               main.o
    0x200001b1   0x0000000e   Data   RW          382    .data               my_nrf24.o
    0x200001bf   0x00000001   PAD
    0x200001c0   0x00000004   Data   RW          572    .data               system_stm32f1xx.o
    0x200001c4   0x0000000c   Data   RW          731    .data               stm32f1xx_hal.o
    0x200001d0   0x00000148   Zero   RW          188    .bss                main.o
    0x20000318   0x000000c8   Zero   RW          381    .bss                my_nrf24.o
    0x200003e0   0x00000400   Zero   RW            1    STACK               startup_stm32f103xb.o


==============================================================================

Image component sizes


      Code (inc. data)   RO Data    RW Data    ZI Data      Debug   Object Name

      3716        594          0        433        328      11553   main.o
      1168        132          0         14        200       7609   my_nrf24.o
       632         24          0          0          0       6632   sd_hal_mpu6050.o
        36          8        236          0       1024        768   startup_stm32f103xb.o
       164         28          0         12          0       3541   stm32f1xx_hal.o
       228         14          0          0          0      26717   stm32f1xx_hal_cortex.o
       486         42          0          0          0       3484   stm32f1xx_hal_gpio.o
      2408         52          0          0          0      11122   stm32f1xx_hal_i2c.o
       452         66          0          0          0       3570   stm32f1xx_hal_msp.o
      1296        104          0          0          0       5172   stm32f1xx_hal_rcc.o
      1350          0          0          0          0       4827   stm32f1xx_hal_spi.o
       130          0          0          0          0        967   stm32f1xx_hal_spi_ex.o
      1168         40          0          0          0      10366   stm32f1xx_hal_tim.o
        80          0          0          0          0       1156   stm32f1xx_hal_tim_ex.o
       466          4          0          0          0       1748   stm32f1xx_hal_uart.o
        22          0          0          0          0     448075   stm32f1xx_it.o
        72         16         24          4          0       1063   system_stm32f1xx.o

    ----------------------------------------------------------------------
     13898       1124        292        464       1552     548370   Object Totals
         0          0         32          0          0          0   (incl. Generated)
        24          0          0          1          0          0   (incl. Padding)

    ----------------------------------------------------------------------

      Code (inc. data)   RO Data    RW Data    ZI Data      Debug   Library Member Name

        28          0          0          0          0         80   strtod.o
        86          0          0          0          0          0   __dczerorl2.o
        64          0          0          0          0         84   _sgetc.o
        40          6         64          0          0         68   ctype_c.o
         0          0          0          0          0          0   entry.o
         0          0          0          0          0          0   entry10a.o
         0          0          0          0          0          0   entry11a.o
         8          4          0          0          0          0   entry2.o
         4          0          0          0          0          0   entry5.o
         0          0          0          0          0          0   entry7b.o
         0          0          0          0          0          0   entry8b.o
         8          4          0          0          0          0   entry9a.o
        30          0          0          0          0          0   handlers.o
        36          8          0          0          0         68   init.o
        10          0          0          0          0         68   isspace_c.o
         0          0          0          0          0          0   iusefp.o
        30          0          0          0          0         68   llshl.o
        36          0          0          0          0         68   llsshr.o
        32          0          0          0          0         68   llushr.o
      2244         86          0          0          0        512   printfa.o
       838         12          0          0          0        216   scanf_fp.o
        14          0          0          0          0         68   strlen.o
       156         14          0          0          0        120   strtod.o
        44          0          0          0          0         80   uidiv.o
        98          0          0          0          0         92   uldiv.o
        48          0          0          0          0         68   cdrcmple.o
        56          0          0          0          0         88   d2f.o
       334          0          0          0          0        148   dadd.o
       222          0          0          0          0        100   ddiv.o
       186          0          0          0          0        176   depilogue.o
        62          0          0          0          0         80   dfixi.o
        48          0          0          0          0         68   dfixul.o
        34          0          0          0          0         76   dflti.o
        24          0          0          0          0         76   dfltul.o
       228          0          0          0          0         96   dmul.o
        38          0          0          0          0         68   f2d.o
       176          0          0          0          0        140   fadd.o
       124          0          0          0          0         88   fdiv.o
       110          0          0          0          0        168   fepilogue.o
        50          0          0          0          0         68   ffixi.o
        18          0          0          0          0         68   fflti.o
        10          0          0          0          0         68   ffltui.o
       100          0          0          0          0         76   fmul.o

    ----------------------------------------------------------------------
      5682        134         64          0          0       3380   Library Totals
         8          0          0          0          0          0   (incl. Padding)

    ----------------------------------------------------------------------

      Code (inc. data)   RO Data    RW Data    ZI Data      Debug   Library Name

        28          0          0          0          0         80   m_ws.l
      3778        134         64          0          0       1580   mc_w.l
      1868          0          0          0          0       1720   mf_w.l

    ----------------------------------------------------------------------
      5682        134         64          0          0       3380   Library Totals

    ----------------------------------------------------------------------

==============================================================================


      Code (inc. data)   RO Data    RW Data    ZI Data      Debug   

     19580       1258        356        464       1552     544806   Grand Totals
     19580       1258        356         64       1552     544806   ELF Image Totals (compressed)
     19580       1258        356         64          0          0   ROM Totals

==============================================================================

    Total RO  Size (Code + RO Data)                19936 (  19.47kB)
    Total RW  Size (RW Data + ZI Data)              2016 (   1.97kB)
    Total ROM Size (Code + RO Data + RW Data)      20000 (  19.53kB)

==============================================================================

